******************************************************************************
                  MSP430 Linker PC v4.4.7                      
******************************************************************************
>> Linked Mon Aug 01 18:55:31 2016

OUTPUT FILE NAME:   <Lab10.out>
ENTRY POINT SYMBOL: "_c_int00_noargs_noexit"  address: 0000a054


MEMORY CONFIGURATION

         name            origin    length      used     unused   attr    fill
----------------------  --------  ---------  --------  --------  ----  --------
  SFR                   00000000   00000010  00000000  00000010  RWIX
  PERIPHERALS_8BIT      00000010   000000f0  00000000  000000f0  RWIX
  PERIPHERALS_16BIT     00000100   00000100  00000000  00000100  RWIX
  RAM                   00000200   00000400  000003d0  00000030  RWIX
  INFOD                 00001000   00000040  00000000  00000040  RWIX
  INFOC                 00001040   00000040  00000000  00000040  RWIX
  INFOB                 00001080   00000040  00000000  00000040  RWIX
  INFOA                 000010c0   00000040  00000000  00000040  RWIX
  FLASH                 00008000   00007fde  00002caa  00005334  RWIX
  BSLSIGNATURE          0000ffde   00000002  00000002  00000000  RWIX  ffff 
  INT00                 0000ffe0   00000002  00000000  00000002  RWIX
  INT01                 0000ffe2   00000002  00000000  00000002  RWIX
  INT02                 0000ffe4   00000002  00000002  00000000  RWIX
  INT03                 0000ffe6   00000002  00000002  00000000  RWIX
  INT04                 0000ffe8   00000002  00000000  00000002  RWIX
  INT05                 0000ffea   00000002  00000002  00000000  RWIX
  INT06                 0000ffec   00000002  00000002  00000000  RWIX
  INT07                 0000ffee   00000002  00000002  00000000  RWIX
  INT08                 0000fff0   00000002  00000002  00000000  RWIX
  INT09                 0000fff2   00000002  00000002  00000000  RWIX
  INT10                 0000fff4   00000002  00000002  00000000  RWIX
  INT11                 0000fff6   00000002  00000000  00000002  RWIX
  INT12                 0000fff8   00000002  00000002  00000000  RWIX
  INT13                 0000fffa   00000002  00000002  00000000  RWIX
  INT14                 0000fffc   00000002  00000002  00000000  RWIX
  RESET                 0000fffe   00000002  00000002  00000000  RWIX


SECTION ALLOCATION MAP

 output                                  attributes/
section   page    origin      length       input sections
--------  ----  ----------  ----------   ----------------
.cio       0    00000000    00000120     FAILED TO ALLOCATE
.data      0    00000200    00000000     UNINITIALIZED

.sysmem    0    00000200    000001d0     UNINITIALIZED
                  00000200    00000004     rts430.lib : memory.obj (.sysmem)
                  00000204    000001cc     --HOLE--

.bss       0    000003d0    00000180     UNINITIALIZED
                  000003d0    0000012e     snake_events.obj (.bss)
                  000004fe    00000022     pthreads.obj (.bss)
                  00000520    0000000e     snake_interrupts.obj (.bss)
                  0000052e    00000008     rts430.lib : memory.obj (.bss)
                  00000536    00000008                : trgdrv.obj (.bss)
                  0000053e    00000006     RBX430_lcd.obj (.bss)
                  00000544    00000004     rts430.lib : rand.obj (.bss)
                  00000548    00000002     RBX430-1.obj (.bss)
                  0000054a    00000002     rts430.lib : _lock.obj (.bss:_lock)
                  0000054c    00000002                : _lock.obj (.bss:_unlock)
                  0000054e    00000002     snake.obj (.bss)

.stack     0    00000580    00000080     UNINITIALIZED
                  00000580    00000002     rts430.lib : boot.obj (.stack)
                  00000582    0000007e     --HOLE--

.text      0    00008000    000021c4     
                  00008000    00000246     RBX430_lcd.obj (.text:lcd_point)
                  00008246    00000244     RBX430_lcd.obj (.text:my_printfi)
                  0000848a    000001d0     snakelib.obj (.text:add_head)
                  0000865a    00000198     RBX430-1.obj (.text:ERROR2)
                  000087f2    00000186     RBX430_lcd.obj (.text:lcd_init)
                  00008978    0000016a     snake_events.obj (.text:generateicons)
                  00008ae2    00000166     snake_events.obj (.text:NEXT_LEVEL_event)
                  00008c48    0000015a     RBX430_lcd.obj (.text:lcd_circle)
                  00008da2    00000132     RBX430_lcd.obj (.text:lcd_putchar)
                  00008ed4    0000012a     snake.obj (.text:main)
                  00008ffe    000000f8     snake_events.obj (.text:NEW_GAME_event)
                  000090f6    000000ea     snake_events.obj (.text:MOVE_SNAKE_event)
                  000091e0    000000d4     RBX430_lcd.obj (.text:lcd_wordImage)
                  000092b4    000000c2     snake_interrupts.obj (.text:WDT_ISR)
                  00009376    000000c0     RBX430-1.obj (.text:RBX430_init)
                  00009436    000000a8     RBX430_lcd.obj (.text:lcd_star)
                  000094de    00000094     RBX430_lcd.obj (.text:lcd_diamond)
                  00009572    00000088     RBX430_lcd.obj (.text:lcd_rectangle)
                  000095fa    0000007e     RBX430_lcd.obj (.text:lcd_triangle)
                  00009678    0000007c     snake_events.obj (.text:END_GAME_event)
                  000096f4    0000007c     snake_events.obj (.text:generaterocks)
                  00009770    0000007a     snake_events.obj (.text:checkforintersection)
                  000097ea    00000064     snake_events.obj (.text:LCD_UPDATE_event)
                  0000984e    0000005e     RBX430_lcd.obj (.text:lcd_WD)
                  000098ac    00000050     rts430.lib : trgdrv.obj (.text:HOSTtime)
                  000098fc    0000004c                : lsr16.obj (.text)
                  00009948    0000004a     snakelib.obj (.text:delete_tail)
                  00009992    0000004a     RBX430_lcd.obj (.text:lcd_WD2)
                  000099dc    00000048     rts430.lib : autoinit.obj (.text:_auto_init)
                  00009a24    00000046     RBX430_lcd.obj (.text:DelayMs)
                  00009a6a    00000046     snake_events.obj (.text:SWITCH_1_event)
                  00009ab0    00000046     snake_events.obj (.text:cleararray)
                  00009af6    00000046     snakelib.obj (.text:new_snake)
                  00009b3c    00000040     snakelib.obj (.text:outTone)
                  00009b7c    0000003e     rts430.lib : lsl32.obj (.text:l_lsl_const)
                  00009bba    00000038     RBX430_lcd.obj (.text:ReadDataWord)
                  00009bf2    00000038     rts430.lib : rand.obj (.text:rand)
                  00009c2a    00000038     snake_events.obj (.text:victory)
                  00009c62    00000036     snake_events.obj (.text:checkforrockcollision)
                  00009c98    00000034     RBX430_lcd.obj (.text:WriteDataWord)
                  00009ccc    00000034     RBX430_lcd.obj (.text:lcd_set_x_y)
                  00009d00    00000030     snake_events.obj (.text:checkforselfcollosion)
                  00009d30    00000030     snakelib.obj (.text:doDitty)
                  00009d60    00000030     RBX430_lcd.obj (.text:lcd_cursor)
                  00009d90    00000030     snake_events.obj (.text:stopduplicates)
                  00009dc0    0000002e     rts430.lib : trgmsg.obj (.text:__TI_writemsg)
                  00009dee    0000002e     RBX430_lcd.obj (.text:lcd_set)
                  00009e1c    0000002e     snake_interrupts.obj (.text:port1_init)
                  00009e4a    0000002c     RBX430-1.obj (.text:ISR_trap)
                  00009e76    0000002c     rts430.lib : trgmsg.obj (.text:__TI_readmsg)
                  00009ea2    0000002c                : div16s.obj (.text)
                  00009ece    0000002c                : lsl16.obj (.text)
                  00009efa    00000028     snake_events.obj (.text:SWITCH_3_event)
                  00009f22    00000026     rts430.lib : mult32.obj (.text)
                  00009f48    00000024     snake_events.obj (.text:SWITCH_2_event)
                  00009f6c    00000024     snake_events.obj (.text:SWITCH_4_event)
                  00009f90    00000024     RBX430_lcd.obj (.text:lcd_printf)
                  00009fb4    00000024     snake_interrupts.obj (.text:watchdog_init)
                  00009fd8    00000020     RBX430_lcd.obj (.text:ReadData)
                  00009ff8    00000020     RBX430_lcd.obj (.text:lcd_square)
                  0000a018    0000001e     RBX430_lcd.obj (.text:WriteCmd)
                  0000a036    0000001e     RBX430_lcd.obj (.text:WriteData)
                  0000a054    0000001a     rts430.lib : boot_special.obj (.text:_c_int00_noargs_noexit)
                  0000a06e    0000001a     snakelib.obj (.text:timerB_init)
                  0000a088    00000018     rts430.lib : rand.obj (.text:srand)
                  0000a0a0    00000018                : time.obj (.text:time)
                  0000a0b8    00000016     snake_interrupts.obj (.text:Port_1_ISR)
                  0000a0ce    00000016     rts430.lib : div16u.obj (.text)
                  0000a0e4    00000014     snakelib.obj (.text:beep)
                  0000a0f8    00000014     RBX430_lcd.obj (.text:lcd_backlight)
                  0000a10c    00000014     rts430.lib : mult16.obj (.text)
                  0000a120    00000012                : lsr32.obj (.text:l_lsr)
                  0000a132    00000012                : memcpy.obj (.text:memcpy)
                  0000a144    00000010                : epilog.obj (.text)
                  0000a154    0000000e     snakelib.obj (.text:charge)
                  0000a162    0000000e     snakelib.obj (.text:imperial_march)
                  0000a170    0000000e     rts430.lib : strlen.obj (.text:strlen)
                  0000a17e    0000000c     pthreadsISR.obj (.text)
                  0000a18a    0000000c     snakelib.obj (.text:rasberry)
                  0000a196    0000000a     snake_events.obj (.text:START_LEVEL_event)
                  0000a1a0    0000000a     RBX430_lcd.obj (.text:lcd_clear)
                  0000a1aa    00000008     RBX430-1.obj (.text:ADC10_ISR)
                  0000a1b2    00000008     snakelib.obj (.text:blink)
                  0000a1ba    00000004     rts430.lib : pre_init.obj (.text:_system_pre_init)
                  0000a1be    00000004                : exit.obj (.text:abort)
                  0000a1c2    00000002                : _lock.obj (.text:_nop)

.const     0    0000a1c4    00000abe     
                  0000a1c4    00000682     snake_images.obj (.const:snake1_image)
                  0000a846    000001e0     RBX430_lcd.obj (.const:cs)
                  0000aa26    00000118     snakelib.obj (.const:imperial_march_notes)
                  0000ab3e    000000a2     RBX430_lcd.obj (.const:.string:dv3)
                  0000abe0    0000002e     snake_events.obj (.const:.string)
                  0000ac0e    0000002c     RBX430_lcd.obj (.const:dv$3)
                  0000ac3a    00000018     snakelib.obj (.const:Charge)
                  0000ac52    00000011     RBX430_lcd.obj (.const:.string:lHexChar$1)
                  0000ac63    00000001     --HOLE-- [fill = 0]
                  0000ac64    00000011     RBX430_lcd.obj (.const:.string:uHexChar$2)
                  0000ac75    00000001     --HOLE-- [fill = 0]
                  0000ac76    00000006     RBX430_lcd.obj (.const:px_off)
                  0000ac7c    00000006     RBX430_lcd.obj (.const:px_on)

.cinit     0    0000ac82    00000028     
                  0000ac82    0000000b     snake_events.obj (.cinit)
                  0000ac8d    00000001     --HOLE-- [fill = 0]
                  0000ac8e    00000008     rts430.lib : rand.obj (.cinit)
                  0000ac96    00000006                : _lock.obj (.cinit:_lock)
                  0000ac9c    00000006                : _lock.obj (.cinit:_unlock)
                  0000aca2    00000006                : memory.obj (.cinit)
                  0000aca8    00000002     --HOLE-- [fill = 0]

.pinit     0    00008000    00000000     UNINITIALIZED

$fill000   0    0000ffde    00000002     
                  0000ffde    00000002     --HOLE-- [fill = ffff]

PORT1      0    0000ffe4    00000002     
                  0000ffe4    00000002     snake_interrupts.obj (.int02)

PORT2      0    0000ffe6    00000002     
                  0000ffe6    00000002     rts430.lib : int03.obj (.int03)

ADC10      0    0000ffea    00000002     
                  0000ffea    00000002     RBX430-1.obj (.int05)

USCIAB0TX 
*          0    0000ffec    00000002     
                  0000ffec    00000002     rts430.lib : int06.obj (.int06)

USCIAB0RX 
*          0    0000ffee    00000002     
                  0000ffee    00000002     rts430.lib : int07.obj (.int07)

TIMERA1    0    0000fff0    00000002     
                  0000fff0    00000002     pthreadsISR.obj (.int08)

TIMERA0    0    0000fff2    00000002     
                  0000fff2    00000002     rts430.lib : int09.obj (.int09)

WDT        0    0000fff4    00000002     
                  0000fff4    00000002     snake_interrupts.obj (.int10)

TIMERB1    0    0000fff8    00000002     
                  0000fff8    00000002     rts430.lib : int12.obj (.int12)

TIMERB0    0    0000fffa    00000002     
                  0000fffa    00000002     rts430.lib : int13.obj (.int13)

NMI        0    0000fffc    00000002     
                  0000fffc    00000002     rts430.lib : int14.obj (.int14)

.reset     0    0000fffe    00000002     
                  0000fffe    00000002     rts430.lib : boot.obj (.reset)


GLOBAL SYMBOLS: SORTED ALPHABETICALLY BY Name 

address   name                  
-------   ----                  
000003d0  .bss                  
00000200  .data                 
00008000  .text                 
0000004a  ADC10AE0              
0000004b  ADC10AE1              
000001b0  ADC10CTL0             
000001b2  ADC10CTL1             
00000048  ADC10DTC0             
00000049  ADC10DTC1             
000001b4  ADC10MEM              
000001bc  ADC10SA               
0000a1aa  ADC10_ISR             
00000057  BCSCTL1               
00000058  BCSCTL2               
00000053  BCSCTL3               
0000a1be  C$$EXIT               
00009dea  C$$IO$$               
000010fb  CALBC1_12MHZ          
000010f9  CALBC1_16MHZ          
000010ff  CALBC1_1MHZ           
000010fd  CALBC1_8MHZ           
000010fa  CALDCO_12MHZ          
000010f8  CALDCO_16MHZ          
000010fe  CALDCO_1MHZ           
000010fc  CALDCO_8MHZ           
0000ac3a  Charge                
00000056  DCOCTL                
00009678  END_GAME_event        
0000865a  ERROR2                
00000128  FCTL1                 
0000012a  FCTL2                 
0000012c  FCTL3                 
000098ac  HOSTtime              
00000000  IE1                   
00000001  IE2                   
00000002  IFG1                  
00000003  IFG2                  
00009e4a  ISR_trap              
00009ece  I_LSL                 
00009ef6  I_LSL_1               
00009ee4  I_LSL_10              
00009ee2  I_LSL_11              
00009ee0  I_LSL_12              
00009ede  I_LSL_13              
00009edc  I_LSL_14              
00009eda  I_LSL_15              
00009ef4  I_LSL_2               
00009ef2  I_LSL_3               
00009ef0  I_LSL_4               
00009eee  I_LSL_5               
00009eec  I_LSL_6               
00009eea  I_LSL_7               
00009ee8  I_LSL_8               
00009ee6  I_LSL_9               
000098fc  I_LSR                 
00009942  I_LSR_1               
0000991e  I_LSR_10              
0000991a  I_LSR_11              
00009916  I_LSR_12              
00009912  I_LSR_13              
0000990e  I_LSR_14              
0000990a  I_LSR_15              
0000993e  I_LSR_2               
0000993a  I_LSR_3               
00009936  I_LSR_4               
00009932  I_LSR_5               
0000992e  I_LSR_6               
0000992a  I_LSR_7               
00009926  I_LSR_8               
00009922  I_LSR_9               
000097ea  LCD_UPDATE_event      
00009bb4  L_LSL_1               
00009b90  L_LSL_10              
00009b8c  L_LSL_11              
00009b88  L_LSL_12              
00009b84  L_LSL_13              
00009b80  L_LSL_14              
00009b7c  L_LSL_15              
00009bb0  L_LSL_2               
00009bac  L_LSL_3               
00009ba8  L_LSL_4               
00009ba4  L_LSL_5               
00009ba0  L_LSL_6               
00009b9c  L_LSL_7               
00009b98  L_LSL_8               
00009b94  L_LSL_9               
0000a120  L_LSR                 
000090f6  MOVE_SNAKE_event      
00008ffe  NEW_GAME_event        
00008ae2  NEXT_LEVEL_event      
000000c0  OA0CTL0               
000000c1  OA0CTL1               
000000c2  OA1CTL0               
000000c3  OA1CTL1               
00000022  P1DIR                 
00000025  P1IE                  
00000024  P1IES                 
00000023  P1IFG                 
00000020  P1IN                  
00000021  P1OUT                 
00000027  P1REN                 
00000026  P1SEL                 
0000002a  P2DIR                 
0000002d  P2IE                  
0000002c  P2IES                 
0000002b  P2IFG                 
00000028  P2IN                  
00000029  P2OUT                 
0000002f  P2REN                 
0000002e  P2SEL                 
0000001a  P3DIR                 
00000018  P3IN                  
00000019  P3OUT                 
00000010  P3REN                 
0000001b  P3SEL                 
0000001e  P4DIR                 
0000001c  P4IN                  
0000001d  P4OUT                 
00000011  P4REN                 
0000001f  P4SEL                 
0000a0b8  Port_1_ISR            
00009376  RBX430_init           
0000a196  START_LEVEL_event     
00009a6a  SWITCH_1_event        
00009f48  SWITCH_2_event        
00009efa  SWITCH_3_event        
00009f6c  SWITCH_4_event        
00000172  TACCR0                
00000174  TACCR1                
00000176  TACCR2                
00000162  TACCTL0               
00000164  TACCTL1               
00000166  TACCTL2               
00000160  TACTL                 
0000012e  TAIV                  
00000170  TAR                   
0000a17e  TA_isr                
0000052c  TB0_tone_on           
00000192  TBCCR0                
00000194  TBCCR1                
00000196  TBCCR2                
00000182  TBCCTL0               
00000184  TBCCTL1               
00000186  TBCCTL2               
00000180  TBCTL                 
0000011e  TBIV                  
00000190  TBR                   
0000005d  UCA0ABCTL             
00000062  UCA0BR0               
00000063  UCA0BR1               
00000060  UCA0CTL0              
00000061  UCA0CTL1              
0000005f  UCA0IRRCTL            
0000005e  UCA0IRTCTL            
00000064  UCA0MCTL              
00000066  UCA0RXBUF             
00000065  UCA0STAT              
00000067  UCA0TXBUF             
0000006a  UCB0BR0               
0000006b  UCB0BR1               
00000068  UCB0CTL0              
00000069  UCB0CTL1              
0000006c  UCB0I2CIE             
00000118  UCB0I2COA             
0000011a  UCB0I2CSA             
0000006e  UCB0RXBUF             
0000006d  UCB0STAT              
0000006f  UCB0TXBUF             
00000120  WDTCTL                
000092b4  WDT_ISR               
00000520  WDT_cps_cnt           
00000524  WDT_debounce_cnt      
00000528  WDT_delay             
00000522  WDT_move_cnt          
00000000  _CIOBUF_              
00000600  __STACK_END           
00000080  __STACK_SIZE          
000001d0  __SYSMEM_SIZE         
00009e4a  __TI_ISR_TRAP         
0000ffe4  __TI_int02            
0000ffe6  __TI_int03            
0000ffea  __TI_int05            
0000ffec  __TI_int06            
0000ffee  __TI_int07            
0000fff0  __TI_int08            
0000fff2  __TI_int09            
0000fff4  __TI_int10            
0000fff8  __TI_int12            
0000fffa  __TI_int13            
0000fffc  __TI_int14            
00009e76  __TI_readmsg          
00009dc0  __TI_writemsg         
ffffffff  __binit__             
000003d0  __bss__               
ffffffff  __c_args__            
0000ac82  __cinit__             
00000200  __data__              
00009ea2  __divi                
0000a0ce  __divu                
00000200  __edata__             
00000550  __end__               
0000a1c4  __etext__             
0000a10c  __mpyi                
0000a10c  __mpyi_sw             
00009f22  __mpyl                
00009f22  __mpyl_sw             
ffffffff  __pinit__             
00009ea2  __remi                
0000a0ce  __remu                
00008000  __text__              
000099dc  _auto_init            
0000a054  _c_int00_noargs_noexit
0000054a  _lock                 
0000a1c2  _nop                  
0000fffe  _reset_vector         
00000580  _stack                
00000200  _sys_memory           
0000a1ba  _system_pre_init      
0000054c  _unlock               
0000a1be  abort                 
0000848a  add_head              
00000526  backlight_cnt         
0000a0e4  beep                  
ffffffff  binit                 
0000a1b2  blink                 
0000a154  charge                
00009770  checkforintersection  
00009c62  checkforrockcollision 
00009d00  checkforselfcollosion 
0000ac82  cinit                 
00009ab0  cleararray            
000004f4  create                
0000a846  cs                    
0000051e  ctid                  
00009948  delete_tail           
000003d9  direction             
00009d30  doDitty               
0000ab3e  dv3                   
00000200  edata                 
00000550  end                   
0000a1c4  etext                 
000004dc  food                  
0000a150  func_epilog_1         
0000a14e  func_epilog_2         
0000a14c  func_epilog_3         
0000a14a  func_epilog_4         
0000a148  func_epilog_5         
0000a146  func_epilog_6         
0000a144  func_epilog_7         
000003d0  game_mode             
00008978  generateicons         
000096f4  generaterocks         
000003da  head                  
00000548  i2c_fSCL              
0000a162  imperial_march        
0000aa26  imperial_march_notes  
0000984e  lcd_WD                
00009992  lcd_WD2               
0000a0f8  lcd_backlight         
00008c48  lcd_circle            
0000a1a0  lcd_clear             
00009d60  lcd_cursor            
000094de  lcd_diamond           
000087f2  lcd_init              
00008000  lcd_point             
00009f90  lcd_printf            
00008da2  lcd_putchar           
00009572  lcd_rectangle         
00009dee  lcd_set               
00009ccc  lcd_set_x_y           
00009ff8  lcd_square            
00009436  lcd_star              
000095fa  lcd_triangle          
000091e0  lcd_wordImage         
000003d8  level                 
00008ed4  main                  
0000a132  memcpy                
000003d6  move_cnt              
00009af6  new_snake             
00009b3c  outTone               
ffffffff  pinit                 
00009e1c  port1_init            
000004f0  position              
0000ac76  px_off                
0000ac7c  px_on                 
00009bf2  rand                  
0000a18a  rasberry              
000004f6  rocks                 
000003d2  score                 
000003d4  seconds               
000003dc  snake                 
0000a1c4  snake1_image          
0000a088  srand                 
00009d90  stopduplicates        
0000a170  strlen                
0000054e  sys_event             
000003db  tail                  
000004fe  tcbs                  
0000a0a0  time                  
000004f2  timeforlevel          
0000a06e  timerB_init           
00009c2a  victory               
00009fb4  watchdog_init         


GLOBAL SYMBOLS: SORTED BY Symbol Address 

address   name                  
-------   ----                  
00000000  IE1                   
00000000  _CIOBUF_              
00000001  IE2                   
00000002  IFG1                  
00000003  IFG2                  
00000010  P3REN                 
00000011  P4REN                 
00000018  P3IN                  
00000019  P3OUT                 
0000001a  P3DIR                 
0000001b  P3SEL                 
0000001c  P4IN                  
0000001d  P4OUT                 
0000001e  P4DIR                 
0000001f  P4SEL                 
00000020  P1IN                  
00000021  P1OUT                 
00000022  P1DIR                 
00000023  P1IFG                 
00000024  P1IES                 
00000025  P1IE                  
00000026  P1SEL                 
00000027  P1REN                 
00000028  P2IN                  
00000029  P2OUT                 
0000002a  P2DIR                 
0000002b  P2IFG                 
0000002c  P2IES                 
0000002d  P2IE                  
0000002e  P2SEL                 
0000002f  P2REN                 
00000048  ADC10DTC0             
00000049  ADC10DTC1             
0000004a  ADC10AE0              
0000004b  ADC10AE1              
00000053  BCSCTL3               
00000056  DCOCTL                
00000057  BCSCTL1               
00000058  BCSCTL2               
0000005d  UCA0ABCTL             
0000005e  UCA0IRTCTL            
0000005f  UCA0IRRCTL            
00000060  UCA0CTL0              
00000061  UCA0CTL1              
00000062  UCA0BR0               
00000063  UCA0BR1               
00000064  UCA0MCTL              
00000065  UCA0STAT              
00000066  UCA0RXBUF             
00000067  UCA0TXBUF             
00000068  UCB0CTL0              
00000069  UCB0CTL1              
0000006a  UCB0BR0               
0000006b  UCB0BR1               
0000006c  UCB0I2CIE             
0000006d  UCB0STAT              
0000006e  UCB0RXBUF             
0000006f  UCB0TXBUF             
00000080  __STACK_SIZE          
000000c0  OA0CTL0               
000000c1  OA0CTL1               
000000c2  OA1CTL0               
000000c3  OA1CTL1               
00000118  UCB0I2COA             
0000011a  UCB0I2CSA             
0000011e  TBIV                  
00000120  WDTCTL                
00000128  FCTL1                 
0000012a  FCTL2                 
0000012c  FCTL3                 
0000012e  TAIV                  
00000160  TACTL                 
00000162  TACCTL0               
00000164  TACCTL1               
00000166  TACCTL2               
00000170  TAR                   
00000172  TACCR0                
00000174  TACCR1                
00000176  TACCR2                
00000180  TBCTL                 
00000182  TBCCTL0               
00000184  TBCCTL1               
00000186  TBCCTL2               
00000190  TBR                   
00000192  TBCCR0                
00000194  TBCCR1                
00000196  TBCCR2                
000001b0  ADC10CTL0             
000001b2  ADC10CTL1             
000001b4  ADC10MEM              
000001bc  ADC10SA               
000001d0  __SYSMEM_SIZE         
00000200  .data                 
00000200  __data__              
00000200  __edata__             
00000200  _sys_memory           
00000200  edata                 
000003d0  .bss                  
000003d0  __bss__               
000003d0  game_mode             
000003d2  score                 
000003d4  seconds               
000003d6  move_cnt              
000003d8  level                 
000003d9  direction             
000003da  head                  
000003db  tail                  
000003dc  snake                 
000004dc  food                  
000004f0  position              
000004f2  timeforlevel          
000004f4  create                
000004f6  rocks                 
000004fe  tcbs                  
0000051e  ctid                  
00000520  WDT_cps_cnt           
00000522  WDT_move_cnt          
00000524  WDT_debounce_cnt      
00000526  backlight_cnt         
00000528  WDT_delay             
0000052c  TB0_tone_on           
00000548  i2c_fSCL              
0000054a  _lock                 
0000054c  _unlock               
0000054e  sys_event             
00000550  __end__               
00000550  end                   
00000580  _stack                
00000600  __STACK_END           
000010f8  CALDCO_16MHZ          
000010f9  CALBC1_16MHZ          
000010fa  CALDCO_12MHZ          
000010fb  CALBC1_12MHZ          
000010fc  CALDCO_8MHZ           
000010fd  CALBC1_8MHZ           
000010fe  CALDCO_1MHZ           
000010ff  CALBC1_1MHZ           
00008000  .text                 
00008000  __text__              
00008000  lcd_point             
0000848a  add_head              
0000865a  ERROR2                
000087f2  lcd_init              
00008978  generateicons         
00008ae2  NEXT_LEVEL_event      
00008c48  lcd_circle            
00008da2  lcd_putchar           
00008ed4  main                  
00008ffe  NEW_GAME_event        
000090f6  MOVE_SNAKE_event      
000091e0  lcd_wordImage         
000092b4  WDT_ISR               
00009376  RBX430_init           
00009436  lcd_star              
000094de  lcd_diamond           
00009572  lcd_rectangle         
000095fa  lcd_triangle          
00009678  END_GAME_event        
000096f4  generaterocks         
00009770  checkforintersection  
000097ea  LCD_UPDATE_event      
0000984e  lcd_WD                
000098ac  HOSTtime              
000098fc  I_LSR                 
0000990a  I_LSR_15              
0000990e  I_LSR_14              
00009912  I_LSR_13              
00009916  I_LSR_12              
0000991a  I_LSR_11              
0000991e  I_LSR_10              
00009922  I_LSR_9               
00009926  I_LSR_8               
0000992a  I_LSR_7               
0000992e  I_LSR_6               
00009932  I_LSR_5               
00009936  I_LSR_4               
0000993a  I_LSR_3               
0000993e  I_LSR_2               
00009942  I_LSR_1               
00009948  delete_tail           
00009992  lcd_WD2               
000099dc  _auto_init            
00009a6a  SWITCH_1_event        
00009ab0  cleararray            
00009af6  new_snake             
00009b3c  outTone               
00009b7c  L_LSL_15              
00009b80  L_LSL_14              
00009b84  L_LSL_13              
00009b88  L_LSL_12              
00009b8c  L_LSL_11              
00009b90  L_LSL_10              
00009b94  L_LSL_9               
00009b98  L_LSL_8               
00009b9c  L_LSL_7               
00009ba0  L_LSL_6               
00009ba4  L_LSL_5               
00009ba8  L_LSL_4               
00009bac  L_LSL_3               
00009bb0  L_LSL_2               
00009bb4  L_LSL_1               
00009bf2  rand                  
00009c2a  victory               
00009c62  checkforrockcollision 
00009ccc  lcd_set_x_y           
00009d00  checkforselfcollosion 
00009d30  doDitty               
00009d60  lcd_cursor            
00009d90  stopduplicates        
00009dc0  __TI_writemsg         
00009dea  C$$IO$$               
00009dee  lcd_set               
00009e1c  port1_init            
00009e4a  ISR_trap              
00009e4a  __TI_ISR_TRAP         
00009e76  __TI_readmsg          
00009ea2  __divi                
00009ea2  __remi                
00009ece  I_LSL                 
00009eda  I_LSL_15              
00009edc  I_LSL_14              
00009ede  I_LSL_13              
00009ee0  I_LSL_12              
00009ee2  I_LSL_11              
00009ee4  I_LSL_10              
00009ee6  I_LSL_9               
00009ee8  I_LSL_8               
00009eea  I_LSL_7               
00009eec  I_LSL_6               
00009eee  I_LSL_5               
00009ef0  I_LSL_4               
00009ef2  I_LSL_3               
00009ef4  I_LSL_2               
00009ef6  I_LSL_1               
00009efa  SWITCH_3_event        
00009f22  __mpyl                
00009f22  __mpyl_sw             
00009f48  SWITCH_2_event        
00009f6c  SWITCH_4_event        
00009f90  lcd_printf            
00009fb4  watchdog_init         
00009ff8  lcd_square            
0000a054  _c_int00_noargs_noexit
0000a06e  timerB_init           
0000a088  srand                 
0000a0a0  time                  
0000a0b8  Port_1_ISR            
0000a0ce  __divu                
0000a0ce  __remu                
0000a0e4  beep                  
0000a0f8  lcd_backlight         
0000a10c  __mpyi                
0000a10c  __mpyi_sw             
0000a120  L_LSR                 
0000a132  memcpy                
0000a144  func_epilog_7         
0000a146  func_epilog_6         
0000a148  func_epilog_5         
0000a14a  func_epilog_4         
0000a14c  func_epilog_3         
0000a14e  func_epilog_2         
0000a150  func_epilog_1         
0000a154  charge                
0000a162  imperial_march        
0000a170  strlen                
0000a17e  TA_isr                
0000a18a  rasberry              
0000a196  START_LEVEL_event     
0000a1a0  lcd_clear             
0000a1aa  ADC10_ISR             
0000a1b2  blink                 
0000a1ba  _system_pre_init      
0000a1be  C$$EXIT               
0000a1be  abort                 
0000a1c2  _nop                  
0000a1c4  __etext__             
0000a1c4  etext                 
0000a1c4  snake1_image          
0000a846  cs                    
0000aa26  imperial_march_notes  
0000ab3e  dv3                   
0000ac3a  Charge                
0000ac76  px_off                
0000ac7c  px_on                 
0000ac82  __cinit__             
0000ac82  cinit                 
0000ffe4  __TI_int02            
0000ffe6  __TI_int03            
0000ffea  __TI_int05            
0000ffec  __TI_int06            
0000ffee  __TI_int07            
0000fff0  __TI_int08            
0000fff2  __TI_int09            
0000fff4  __TI_int10            
0000fff8  __TI_int12            
0000fffa  __TI_int13            
0000fffc  __TI_int14            
0000fffe  _reset_vector         
ffffffff  __binit__             
ffffffff  __c_args__            
ffffffff  __pinit__             
ffffffff  binit                 
ffffffff  pinit                 

[303 symbols]
