<?xml version="1.0"?>
<link_info>
   <banner>MSP430 Linker PC v4.4.7</banner>
   <copyright>Copyright (c) 2003-2015 Texas Instruments Incorporated</copyright>
   <link_time>0x579fef83</link_time>
   <link_errors>0x1</link_errors>
   <output_file>Lab10.out</output_file>
   <entry_point>
      <name>_c_int00_noargs_noexit</name>
      <address>0xa054</address>
   </entry_point>
   <input_file_list>
      <input_file id="fl-2">
         <path>.\</path>
         <kind>object</kind>
         <file>RBX430-1.obj</file>
         <name>RBX430-1.obj</name>
      </input_file>
      <input_file id="fl-3">
         <path>.\</path>
         <kind>object</kind>
         <file>RBX430_lcd.obj</file>
         <name>RBX430_lcd.obj</name>
      </input_file>
      <input_file id="fl-4">
         <path>.\</path>
         <kind>object</kind>
         <file>pthreads.obj</file>
         <name>pthreads.obj</name>
      </input_file>
      <input_file id="fl-5">
         <path>.\</path>
         <kind>object</kind>
         <file>pthreadsISR.obj</file>
         <name>pthreadsISR.obj</name>
      </input_file>
      <input_file id="fl-6">
         <path>.\</path>
         <kind>object</kind>
         <file>snake.obj</file>
         <name>snake.obj</name>
      </input_file>
      <input_file id="fl-7">
         <path>.\</path>
         <kind>object</kind>
         <file>snake_events.obj</file>
         <name>snake_events.obj</name>
      </input_file>
      <input_file id="fl-8">
         <path>.\</path>
         <kind>object</kind>
         <file>snake_images.obj</file>
         <name>snake_images.obj</name>
      </input_file>
      <input_file id="fl-9">
         <path>.\</path>
         <kind>object</kind>
         <file>snake_interrupts.obj</file>
         <name>snake_interrupts.obj</name>
      </input_file>
      <input_file id="fl-a">
         <path>.\</path>
         <kind>object</kind>
         <file>snakelib.obj</file>
         <name>snakelib.obj</name>
      </input_file>
      <input_file id="fl-39">
         <path>C:\ti\ccsv6\tools\compiler\ti-cgt-msp430_4.4.7\lib\</path>
         <kind>archive</kind>
         <file>rts430.lib</file>
         <name>boot.obj</name>
      </input_file>
      <input_file id="fl-3a">
         <path>C:\ti\ccsv6\tools\compiler\ti-cgt-msp430_4.4.7\lib\</path>
         <kind>archive</kind>
         <file>rts430.lib</file>
         <name>boot_special.obj</name>
      </input_file>
      <input_file id="fl-3b">
         <path>C:\ti\ccsv6\tools\compiler\ti-cgt-msp430_4.4.7\lib\</path>
         <kind>archive</kind>
         <file>rts430.lib</file>
         <name>copy_decompress_none.obj</name>
      </input_file>
      <input_file id="fl-3c">
         <path>C:\ti\ccsv6\tools\compiler\ti-cgt-msp430_4.4.7\lib\</path>
         <kind>archive</kind>
         <file>rts430.lib</file>
         <name>copy_decompress_rle.obj</name>
      </input_file>
      <input_file id="fl-3d">
         <path>C:\ti\ccsv6\tools\compiler\ti-cgt-msp430_4.4.7\lib\</path>
         <kind>archive</kind>
         <file>rts430.lib</file>
         <name>copy_zero_init.obj</name>
      </input_file>
      <input_file id="fl-3e">
         <path>C:\ti\ccsv6\tools\compiler\ti-cgt-msp430_4.4.7\lib\</path>
         <kind>archive</kind>
         <file>rts430.lib</file>
         <name>div16s.obj</name>
      </input_file>
      <input_file id="fl-3f">
         <path>C:\ti\ccsv6\tools\compiler\ti-cgt-msp430_4.4.7\lib\</path>
         <kind>archive</kind>
         <file>rts430.lib</file>
         <name>div16u.obj</name>
      </input_file>
      <input_file id="fl-40">
         <path>C:\ti\ccsv6\tools\compiler\ti-cgt-msp430_4.4.7\lib\</path>
         <kind>archive</kind>
         <file>rts430.lib</file>
         <name>epilog.obj</name>
      </input_file>
      <input_file id="fl-41">
         <path>C:\ti\ccsv6\tools\compiler\ti-cgt-msp430_4.4.7\lib\</path>
         <kind>archive</kind>
         <file>rts430.lib</file>
         <name>exit.obj</name>
      </input_file>
      <input_file id="fl-42">
         <path>C:\ti\ccsv6\tools\compiler\ti-cgt-msp430_4.4.7\lib\</path>
         <kind>archive</kind>
         <file>rts430.lib</file>
         <name>exit_gvars.obj</name>
      </input_file>
      <input_file id="fl-43">
         <path>C:\ti\ccsv6\tools\compiler\ti-cgt-msp430_4.4.7\lib\</path>
         <kind>archive</kind>
         <file>rts430.lib</file>
         <name>int03.obj</name>
      </input_file>
      <input_file id="fl-44">
         <path>C:\ti\ccsv6\tools\compiler\ti-cgt-msp430_4.4.7\lib\</path>
         <kind>archive</kind>
         <file>rts430.lib</file>
         <name>int06.obj</name>
      </input_file>
      <input_file id="fl-45">
         <path>C:\ti\ccsv6\tools\compiler\ti-cgt-msp430_4.4.7\lib\</path>
         <kind>archive</kind>
         <file>rts430.lib</file>
         <name>int07.obj</name>
      </input_file>
      <input_file id="fl-46">
         <path>C:\ti\ccsv6\tools\compiler\ti-cgt-msp430_4.4.7\lib\</path>
         <kind>archive</kind>
         <file>rts430.lib</file>
         <name>int09.obj</name>
      </input_file>
      <input_file id="fl-47">
         <path>C:\ti\ccsv6\tools\compiler\ti-cgt-msp430_4.4.7\lib\</path>
         <kind>archive</kind>
         <file>rts430.lib</file>
         <name>int12.obj</name>
      </input_file>
      <input_file id="fl-48">
         <path>C:\ti\ccsv6\tools\compiler\ti-cgt-msp430_4.4.7\lib\</path>
         <kind>archive</kind>
         <file>rts430.lib</file>
         <name>int13.obj</name>
      </input_file>
      <input_file id="fl-49">
         <path>C:\ti\ccsv6\tools\compiler\ti-cgt-msp430_4.4.7\lib\</path>
         <kind>archive</kind>
         <file>rts430.lib</file>
         <name>int14.obj</name>
      </input_file>
      <input_file id="fl-4a">
         <path>C:\ti\ccsv6\tools\compiler\ti-cgt-msp430_4.4.7\lib\</path>
         <kind>archive</kind>
         <file>rts430.lib</file>
         <name>lsl16.obj</name>
      </input_file>
      <input_file id="fl-4b">
         <path>C:\ti\ccsv6\tools\compiler\ti-cgt-msp430_4.4.7\lib\</path>
         <kind>archive</kind>
         <file>rts430.lib</file>
         <name>lsr16.obj</name>
      </input_file>
      <input_file id="fl-4c">
         <path>C:\ti\ccsv6\tools\compiler\ti-cgt-msp430_4.4.7\lib\</path>
         <kind>archive</kind>
         <file>rts430.lib</file>
         <name>lsr32.obj</name>
      </input_file>
      <input_file id="fl-4d">
         <path>C:\ti\ccsv6\tools\compiler\ti-cgt-msp430_4.4.7\lib\</path>
         <kind>archive</kind>
         <file>rts430.lib</file>
         <name>memcpy.obj</name>
      </input_file>
      <input_file id="fl-4e">
         <path>C:\ti\ccsv6\tools\compiler\ti-cgt-msp430_4.4.7\lib\</path>
         <kind>archive</kind>
         <file>rts430.lib</file>
         <name>memory.obj</name>
      </input_file>
      <input_file id="fl-4f">
         <path>C:\ti\ccsv6\tools\compiler\ti-cgt-msp430_4.4.7\lib\</path>
         <kind>archive</kind>
         <file>rts430.lib</file>
         <name>memset.obj</name>
      </input_file>
      <input_file id="fl-50">
         <path>C:\ti\ccsv6\tools\compiler\ti-cgt-msp430_4.4.7\lib\</path>
         <kind>archive</kind>
         <file>rts430.lib</file>
         <name>mpu_init.obj</name>
      </input_file>
      <input_file id="fl-51">
         <path>C:\ti\ccsv6\tools\compiler\ti-cgt-msp430_4.4.7\lib\</path>
         <kind>archive</kind>
         <file>rts430.lib</file>
         <name>mult16.obj</name>
      </input_file>
      <input_file id="fl-52">
         <path>C:\ti\ccsv6\tools\compiler\ti-cgt-msp430_4.4.7\lib\</path>
         <kind>archive</kind>
         <file>rts430.lib</file>
         <name>pre_init.obj</name>
      </input_file>
      <input_file id="fl-53">
         <path>C:\ti\ccsv6\tools\compiler\ti-cgt-msp430_4.4.7\lib\</path>
         <kind>archive</kind>
         <file>rts430.lib</file>
         <name>rand.obj</name>
      </input_file>
      <input_file id="fl-54">
         <path>C:\ti\ccsv6\tools\compiler\ti-cgt-msp430_4.4.7\lib\</path>
         <kind>archive</kind>
         <file>rts430.lib</file>
         <name>strlen.obj</name>
      </input_file>
      <input_file id="fl-55">
         <path>C:\ti\ccsv6\tools\compiler\ti-cgt-msp430_4.4.7\lib\</path>
         <kind>archive</kind>
         <file>rts430.lib</file>
         <name>time.obj</name>
      </input_file>
      <input_file id="fl-56">
         <path>C:\ti\ccsv6\tools\compiler\ti-cgt-msp430_4.4.7\lib\</path>
         <kind>archive</kind>
         <file>rts430.lib</file>
         <name>trgdrv.obj</name>
      </input_file>
      <input_file id="fl-57">
         <path>C:\ti\ccsv6\tools\compiler\ti-cgt-msp430_4.4.7\lib\</path>
         <kind>archive</kind>
         <file>rts430.lib</file>
         <name>trgmsg.obj</name>
      </input_file>
      <input_file id="fl-58">
         <path>C:\ti\ccsv6\tools\compiler\ti-cgt-msp430_4.4.7\lib\</path>
         <kind>archive</kind>
         <file>rts430.lib</file>
         <name>_lock.obj</name>
      </input_file>
      <input_file id="fl-59">
         <path>C:\ti\ccsv6\tools\compiler\ti-cgt-msp430_4.4.7\lib\</path>
         <kind>archive</kind>
         <file>rts430.lib</file>
         <name>args_main.obj</name>
      </input_file>
      <input_file id="fl-5a">
         <path>C:\ti\ccsv6\tools\compiler\ti-cgt-msp430_4.4.7\lib\</path>
         <kind>archive</kind>
         <file>rts430.lib</file>
         <name>autoinit.obj</name>
      </input_file>
      <input_file id="fl-5b">
         <path>C:\ti\ccsv6\tools\compiler\ti-cgt-msp430_4.4.7\lib\</path>
         <kind>archive</kind>
         <file>rts430.lib</file>
         <name>lsl32.obj</name>
      </input_file>
      <input_file id="fl-5c">
         <path>C:\ti\ccsv6\tools\compiler\ti-cgt-msp430_4.4.7\lib\</path>
         <kind>archive</kind>
         <file>rts430.lib</file>
         <name>mult32.obj</name>
      </input_file>
      <input_file id="fl-5d">
         <path>C:\ti\ccsv6\tools\compiler\ti-cgt-msp430_4.4.7\lib\</path>
         <kind>archive</kind>
         <file>rts430.lib</file>
         <name>strcpy.obj</name>
      </input_file>
   </input_file_list>
   <object_component_list>
      <object_component id="oc-49">
         <name>.bss</name>
         <uninitialized>true</uninitialized>
         <run_address>0x548</run_address>
         <size>0x2</size>
         <input_file_ref idref="fl-2"/>
      </object_component>
      <object_component id="oc-4f">
         <name>.bss</name>
         <uninitialized>true</uninitialized>
         <run_address>0x53e</run_address>
         <size>0x6</size>
         <input_file_ref idref="fl-3"/>
      </object_component>
      <object_component id="oc-55">
         <name>.bss</name>
         <uninitialized>true</uninitialized>
         <run_address>0x4fe</run_address>
         <size>0x22</size>
         <input_file_ref idref="fl-4"/>
      </object_component>
      <object_component id="oc-60">
         <name>.bss</name>
         <uninitialized>true</uninitialized>
         <run_address>0x54e</run_address>
         <size>0x2</size>
         <input_file_ref idref="fl-6"/>
      </object_component>
      <object_component id="oc-66">
         <name>.bss</name>
         <uninitialized>true</uninitialized>
         <run_address>0x3d0</run_address>
         <size>0x12e</size>
         <input_file_ref idref="fl-7"/>
      </object_component>
      <object_component id="oc-70">
         <name>.bss</name>
         <uninitialized>true</uninitialized>
         <run_address>0x520</run_address>
         <size>0xe</size>
         <input_file_ref idref="fl-9"/>
      </object_component>
      <object_component id="oc-be">
         <name>.bss</name>
         <uninitialized>true</uninitialized>
         <run_address>0x52e</run_address>
         <size>0x8</size>
         <input_file_ref idref="fl-4e"/>
      </object_component>
      <object_component id="oc-d9">
         <name>.bss</name>
         <uninitialized>true</uninitialized>
         <run_address>0x544</run_address>
         <size>0x4</size>
         <input_file_ref idref="fl-53"/>
      </object_component>
      <object_component id="oc-ea">
         <name>.bss</name>
         <uninitialized>true</uninitialized>
         <run_address>0x536</run_address>
         <size>0x8</size>
         <input_file_ref idref="fl-56"/>
      </object_component>
      <object_component id="oc-122">
         <name>.bss:_lock</name>
         <uninitialized>true</uninitialized>
         <run_address>0x54a</run_address>
         <size>0x2</size>
         <input_file_ref idref="fl-58"/>
      </object_component>
      <object_component id="oc-128">
         <name>.bss:_unlock</name>
         <uninitialized>true</uninitialized>
         <run_address>0x54c</run_address>
         <size>0x2</size>
         <input_file_ref idref="fl-58"/>
      </object_component>
      <object_component id="oc-c1">
         <name>.sysmem</name>
         <uninitialized>true</uninitialized>
         <run_address>0x200</run_address>
         <size>0x4</size>
         <input_file_ref idref="fl-4e"/>
      </object_component>
      <object_component id="oc-1a8">
         <name>.sysmem</name>
         <uninitialized>true</uninitialized>
         <run_address>0x200</run_address>
         <size>0x0</size>
      </object_component>
      <object_component id="oc-7c">
         <name>.stack</name>
         <uninitialized>true</uninitialized>
         <run_address>0x580</run_address>
         <size>0x2</size>
         <input_file_ref idref="fl-39"/>
      </object_component>
      <object_component id="oc-1a7">
         <name>.stack</name>
         <uninitialized>true</uninitialized>
         <run_address>0x580</run_address>
         <size>0x0</size>
      </object_component>
      <object_component id="oc-15d">
         <name>.text:lcd_point</name>
         <load_address>0x8000</load_address>
         <run_address>0x8000</run_address>
         <size>0x246</size>
         <input_file_ref idref="fl-3"/>
      </object_component>
      <object_component id="oc-154">
         <name>.text:my_printfi</name>
         <load_address>0x8246</load_address>
         <run_address>0x8246</run_address>
         <size>0x244</size>
         <input_file_ref idref="fl-3"/>
      </object_component>
      <object_component id="oc-147">
         <name>.text:add_head</name>
         <load_address>0x848a</load_address>
         <run_address>0x848a</run_address>
         <size>0x1d0</size>
         <input_file_ref idref="fl-a"/>
      </object_component>
      <object_component id="oc-120">
         <name>.text:ERROR2</name>
         <load_address>0x865a</load_address>
         <run_address>0x865a</run_address>
         <size>0x198</size>
         <input_file_ref idref="fl-2"/>
      </object_component>
      <object_component id="oc-12d">
         <name>.text:lcd_init</name>
         <load_address>0x87f2</load_address>
         <run_address>0x87f2</run_address>
         <size>0x186</size>
         <input_file_ref idref="fl-3"/>
      </object_component>
      <object_component id="oc-145">
         <name>.text:generateicons</name>
         <load_address>0x8978</load_address>
         <run_address>0x8978</run_address>
         <size>0x16a</size>
         <input_file_ref idref="fl-7"/>
      </object_component>
      <object_component id="oc-14b">
         <name>.text:NEXT_LEVEL_event</name>
         <load_address>0x8ae2</load_address>
         <run_address>0x8ae2</run_address>
         <size>0x166</size>
         <input_file_ref idref="fl-7"/>
      </object_component>
      <object_component id="oc-15a">
         <name>.text:lcd_circle</name>
         <load_address>0x8c48</load_address>
         <run_address>0x8c48</run_address>
         <size>0x15a</size>
         <input_file_ref idref="fl-3"/>
      </object_component>
      <object_component id="oc-153">
         <name>.text:lcd_putchar</name>
         <load_address>0x8da2</load_address>
         <run_address>0x8da2</run_address>
         <size>0x132</size>
         <input_file_ref idref="fl-3"/>
      </object_component>
      <object_component id="oc-11d">
         <name>.text:main</name>
         <load_address>0x8ed4</load_address>
         <run_address>0x8ed4</run_address>
         <size>0x12a</size>
         <input_file_ref idref="fl-6"/>
      </object_component>
      <object_component id="oc-132">
         <name>.text:NEW_GAME_event</name>
         <load_address>0x8ffe</load_address>
         <run_address>0x8ffe</run_address>
         <size>0xf8</size>
         <input_file_ref idref="fl-7"/>
      </object_component>
      <object_component id="oc-139">
         <name>.text:MOVE_SNAKE_event</name>
         <load_address>0x90f6</load_address>
         <run_address>0x90f6</run_address>
         <size>0xea</size>
         <input_file_ref idref="fl-7"/>
      </object_component>
      <object_component id="oc-163">
         <name>.text:lcd_wordImage</name>
         <load_address>0x91e0</load_address>
         <run_address>0x91e0</run_address>
         <size>0xd4</size>
         <input_file_ref idref="fl-3"/>
      </object_component>
      <object_component id="oc-117">
         <name>.text:WDT_ISR</name>
         <load_address>0x92b4</load_address>
         <run_address>0x92b4</run_address>
         <size>0xc2</size>
         <input_file_ref idref="fl-9"/>
      </object_component>
      <object_component id="oc-12c">
         <name>.text:RBX430_init</name>
         <load_address>0x9376</load_address>
         <run_address>0x9376</run_address>
         <size>0xc0</size>
         <input_file_ref idref="fl-2"/>
      </object_component>
      <object_component id="oc-15b">
         <name>.text:lcd_star</name>
         <load_address>0x9436</load_address>
         <run_address>0x9436</run_address>
         <size>0xa8</size>
         <input_file_ref idref="fl-3"/>
      </object_component>
      <object_component id="oc-15c">
         <name>.text:lcd_diamond</name>
         <load_address>0x94de</load_address>
         <run_address>0x94de</run_address>
         <size>0x94</size>
         <input_file_ref idref="fl-3"/>
      </object_component>
      <object_component id="oc-16f">
         <name>.text:lcd_rectangle</name>
         <load_address>0x9572</load_address>
         <run_address>0x9572</run_address>
         <size>0x88</size>
         <input_file_ref idref="fl-3"/>
      </object_component>
      <object_component id="oc-158">
         <name>.text:lcd_triangle</name>
         <load_address>0x95fa</load_address>
         <run_address>0x95fa</run_address>
         <size>0x7e</size>
         <input_file_ref idref="fl-3"/>
      </object_component>
      <object_component id="oc-131">
         <name>.text:END_GAME_event</name>
         <load_address>0x9678</load_address>
         <run_address>0x9678</run_address>
         <size>0x7c</size>
         <input_file_ref idref="fl-7"/>
      </object_component>
      <object_component id="oc-161">
         <name>.text:generaterocks</name>
         <load_address>0x96f4</load_address>
         <run_address>0x96f4</run_address>
         <size>0x7c</size>
         <input_file_ref idref="fl-7"/>
      </object_component>
      <object_component id="oc-14a">
         <name>.text:checkforintersection</name>
         <load_address>0x9770</load_address>
         <run_address>0x9770</run_address>
         <size>0x7a</size>
         <input_file_ref idref="fl-7"/>
      </object_component>
      <object_component id="oc-133">
         <name>.text:LCD_UPDATE_event</name>
         <load_address>0x97ea</load_address>
         <run_address>0x97ea</run_address>
         <size>0x64</size>
         <input_file_ref idref="fl-7"/>
      </object_component>
      <object_component id="oc-168">
         <name>.text:lcd_WD</name>
         <load_address>0x984e</load_address>
         <run_address>0x984e</run_address>
         <size>0x5e</size>
         <input_file_ref idref="fl-3"/>
      </object_component>
      <object_component id="oc-13b">
         <name>.text:HOSTtime</name>
         <load_address>0x98ac</load_address>
         <run_address>0x98ac</run_address>
         <size>0x50</size>
         <input_file_ref idref="fl-56"/>
      </object_component>
      <object_component id="oc-b0">
         <name>.text</name>
         <load_address>0x98fc</load_address>
         <run_address>0x98fc</run_address>
         <size>0x4c</size>
         <input_file_ref idref="fl-4b"/>
      </object_component>
      <object_component id="oc-14d">
         <name>.text:delete_tail</name>
         <load_address>0x9948</load_address>
         <run_address>0x9948</run_address>
         <size>0x4a</size>
         <input_file_ref idref="fl-a"/>
      </object_component>
      <object_component id="oc-169">
         <name>.text:lcd_WD2</name>
         <load_address>0x9992</load_address>
         <run_address>0x9992</run_address>
         <size>0x4a</size>
         <input_file_ref idref="fl-3"/>
      </object_component>
      <object_component id="oc-119">
         <name>.text:_auto_init</name>
         <load_address>0x99dc</load_address>
         <run_address>0x99dc</run_address>
         <size>0x48</size>
         <input_file_ref idref="fl-5a"/>
      </object_component>
      <object_component id="oc-13c">
         <name>.text:DelayMs</name>
         <load_address>0x9a24</load_address>
         <run_address>0x9a24</run_address>
         <size>0x46</size>
         <input_file_ref idref="fl-3"/>
      </object_component>
      <object_component id="oc-138">
         <name>.text:SWITCH_1_event</name>
         <load_address>0x9a6a</load_address>
         <run_address>0x9a6a</run_address>
         <size>0x46</size>
         <input_file_ref idref="fl-7"/>
      </object_component>
      <object_component id="oc-15f">
         <name>.text:cleararray</name>
         <load_address>0x9ab0</load_address>
         <run_address>0x9ab0</run_address>
         <size>0x46</size>
         <input_file_ref idref="fl-7"/>
      </object_component>
      <object_component id="oc-146">
         <name>.text:new_snake</name>
         <load_address>0x9af6</load_address>
         <run_address>0x9af6</run_address>
         <size>0x46</size>
         <input_file_ref idref="fl-a"/>
      </object_component>
      <object_component id="oc-152">
         <name>.text:outTone</name>
         <load_address>0x9b3c</load_address>
         <run_address>0x9b3c</run_address>
         <size>0x40</size>
         <input_file_ref idref="fl-a"/>
      </object_component>
      <object_component id="oc-150">
         <name>.text:l_lsl_const</name>
         <load_address>0x9b7c</load_address>
         <run_address>0x9b7c</run_address>
         <size>0x3e</size>
         <input_file_ref idref="fl-5b"/>
      </object_component>
      <object_component id="oc-171">
         <name>.text:ReadDataWord</name>
         <load_address>0x9bba</load_address>
         <run_address>0x9bba</run_address>
         <size>0x38</size>
         <input_file_ref idref="fl-3"/>
      </object_component>
      <object_component id="oc-144">
         <name>.text:rand</name>
         <load_address>0x9bf2</load_address>
         <run_address>0x9bf2</run_address>
         <size>0x38</size>
         <input_file_ref idref="fl-53"/>
      </object_component>
      <object_component id="oc-14c">
         <name>.text:victory</name>
         <load_address>0x9c2a</load_address>
         <run_address>0x9c2a</run_address>
         <size>0x38</size>
         <input_file_ref idref="fl-7"/>
      </object_component>
      <object_component id="oc-149">
         <name>.text:checkforrockcollision</name>
         <load_address>0x9c62</load_address>
         <run_address>0x9c62</run_address>
         <size>0x36</size>
         <input_file_ref idref="fl-7"/>
      </object_component>
      <object_component id="oc-166">
         <name>.text:WriteDataWord</name>
         <load_address>0x9c98</load_address>
         <run_address>0x9c98</run_address>
         <size>0x34</size>
         <input_file_ref idref="fl-3"/>
      </object_component>
      <object_component id="oc-165">
         <name>.text:lcd_set_x_y</name>
         <load_address>0x9ccc</load_address>
         <run_address>0x9ccc</run_address>
         <size>0x34</size>
         <input_file_ref idref="fl-3"/>
      </object_component>
      <object_component id="oc-148">
         <name>.text:checkforselfcollosion</name>
         <load_address>0x9d00</load_address>
         <run_address>0x9d00</run_address>
         <size>0x30</size>
         <input_file_ref idref="fl-7"/>
      </object_component>
      <object_component id="oc-176">
         <name>.text:doDitty</name>
         <load_address>0x9d30</load_address>
         <run_address>0x9d30</run_address>
         <size>0x30</size>
         <input_file_ref idref="fl-a"/>
      </object_component>
      <object_component id="oc-142">
         <name>.text:lcd_cursor</name>
         <load_address>0x9d60</load_address>
         <run_address>0x9d60</run_address>
         <size>0x30</size>
         <input_file_ref idref="fl-3"/>
      </object_component>
      <object_component id="oc-156">
         <name>.text:stopduplicates</name>
         <load_address>0x9d90</load_address>
         <run_address>0x9d90</run_address>
         <size>0x30</size>
         <input_file_ref idref="fl-7"/>
      </object_component>
      <object_component id="oc-14e">
         <name>.text:__TI_writemsg</name>
         <load_address>0x9dc0</load_address>
         <run_address>0x9dc0</run_address>
         <size>0x2e</size>
         <input_file_ref idref="fl-57"/>
      </object_component>
      <object_component id="oc-151">
         <name>.text:lcd_set</name>
         <load_address>0x9dee</load_address>
         <run_address>0x9dee</run_address>
         <size>0x2e</size>
         <input_file_ref idref="fl-3"/>
      </object_component>
      <object_component id="oc-12e">
         <name>.text:port1_init</name>
         <load_address>0x9e1c</load_address>
         <run_address>0x9e1c</run_address>
         <size>0x2e</size>
         <input_file_ref idref="fl-9"/>
      </object_component>
      <object_component id="oc-115">
         <name>.text:ISR_trap</name>
         <load_address>0x9e4a</load_address>
         <run_address>0x9e4a</run_address>
         <size>0x2c</size>
         <input_file_ref idref="fl-2"/>
      </object_component>
      <object_component id="oc-14f">
         <name>.text:__TI_readmsg</name>
         <load_address>0x9e76</load_address>
         <run_address>0x9e76</run_address>
         <size>0x2c</size>
         <input_file_ref idref="fl-57"/>
      </object_component>
      <object_component id="oc-96">
         <name>.text</name>
         <load_address>0x9ea2</load_address>
         <run_address>0x9ea2</run_address>
         <size>0x2c</size>
         <input_file_ref idref="fl-3e"/>
      </object_component>
      <object_component id="oc-ab">
         <name>.text</name>
         <load_address>0x9ece</load_address>
         <run_address>0x9ece</run_address>
         <size>0x2c</size>
         <input_file_ref idref="fl-4a"/>
      </object_component>
      <object_component id="oc-136">
         <name>.text:SWITCH_3_event</name>
         <load_address>0x9efa</load_address>
         <run_address>0x9efa</run_address>
         <size>0x28</size>
         <input_file_ref idref="fl-7"/>
      </object_component>
      <object_component id="oc-155">
         <name>.text</name>
         <load_address>0x9f22</load_address>
         <run_address>0x9f22</run_address>
         <size>0x26</size>
         <input_file_ref idref="fl-5c"/>
      </object_component>
      <object_component id="oc-137">
         <name>.text:SWITCH_2_event</name>
         <load_address>0x9f48</load_address>
         <run_address>0x9f48</run_address>
         <size>0x24</size>
         <input_file_ref idref="fl-7"/>
      </object_component>
      <object_component id="oc-135">
         <name>.text:SWITCH_4_event</name>
         <load_address>0x9f6c</load_address>
         <run_address>0x9f6c</run_address>
         <size>0x24</size>
         <input_file_ref idref="fl-7"/>
      </object_component>
      <object_component id="oc-143">
         <name>.text:lcd_printf</name>
         <load_address>0x9f90</load_address>
         <run_address>0x9f90</run_address>
         <size>0x24</size>
         <input_file_ref idref="fl-3"/>
      </object_component>
      <object_component id="oc-130">
         <name>.text:watchdog_init</name>
         <load_address>0x9fb4</load_address>
         <run_address>0x9fb4</run_address>
         <size>0x24</size>
         <input_file_ref idref="fl-9"/>
      </object_component>
      <object_component id="oc-170">
         <name>.text:ReadData</name>
         <load_address>0x9fd8</load_address>
         <run_address>0x9fd8</run_address>
         <size>0x20</size>
         <input_file_ref idref="fl-3"/>
      </object_component>
      <object_component id="oc-159">
         <name>.text:lcd_square</name>
         <load_address>0x9ff8</load_address>
         <run_address>0x9ff8</run_address>
         <size>0x20</size>
         <input_file_ref idref="fl-3"/>
      </object_component>
      <object_component id="oc-13d">
         <name>.text:WriteCmd</name>
         <load_address>0xa018</load_address>
         <run_address>0xa018</run_address>
         <size>0x1e</size>
         <input_file_ref idref="fl-3"/>
      </object_component>
      <object_component id="oc-13e">
         <name>.text:WriteData</name>
         <load_address>0xa036</load_address>
         <run_address>0xa036</run_address>
         <size>0x1e</size>
         <input_file_ref idref="fl-3"/>
      </object_component>
      <object_component id="oc-43">
         <name>.text:_c_int00_noargs_noexit</name>
         <load_address>0xa054</load_address>
         <run_address>0xa054</run_address>
         <size>0x1a</size>
         <input_file_ref idref="fl-3a"/>
      </object_component>
      <object_component id="oc-12f">
         <name>.text:timerB_init</name>
         <load_address>0xa06e</load_address>
         <run_address>0xa06e</run_address>
         <size>0x1a</size>
         <input_file_ref idref="fl-a"/>
      </object_component>
      <object_component id="oc-12b">
         <name>.text:srand</name>
         <load_address>0xa088</load_address>
         <run_address>0xa088</run_address>
         <size>0x18</size>
         <input_file_ref idref="fl-53"/>
      </object_component>
      <object_component id="oc-12a">
         <name>.text:time</name>
         <load_address>0xa0a0</load_address>
         <run_address>0xa0a0</run_address>
         <size>0x18</size>
         <input_file_ref idref="fl-55"/>
      </object_component>
      <object_component id="oc-114">
         <name>.text:Port_1_ISR</name>
         <load_address>0xa0b8</load_address>
         <run_address>0xa0b8</run_address>
         <size>0x16</size>
         <input_file_ref idref="fl-9"/>
      </object_component>
      <object_component id="oc-9b">
         <name>.text</name>
         <load_address>0xa0ce</load_address>
         <run_address>0xa0ce</run_address>
         <size>0x16</size>
         <input_file_ref idref="fl-3f"/>
      </object_component>
      <object_component id="oc-15e">
         <name>.text:beep</name>
         <load_address>0xa0e4</load_address>
         <run_address>0xa0e4</run_address>
         <size>0x14</size>
         <input_file_ref idref="fl-a"/>
      </object_component>
      <object_component id="oc-121">
         <name>.text:lcd_backlight</name>
         <load_address>0xa0f8</load_address>
         <run_address>0xa0f8</run_address>
         <size>0x14</size>
         <input_file_ref idref="fl-3"/>
      </object_component>
      <object_component id="oc-157">
         <name>.text</name>
         <load_address>0xa10c</load_address>
         <run_address>0xa10c</run_address>
         <size>0x14</size>
         <input_file_ref idref="fl-51"/>
      </object_component>
      <object_component id="oc-16b">
         <name>.text:l_lsr</name>
         <load_address>0xa120</load_address>
         <run_address>0xa120</run_address>
         <size>0x12</size>
         <input_file_ref idref="fl-4c"/>
      </object_component>
      <object_component id="oc-112">
         <name>.text:memcpy</name>
         <load_address>0xa132</load_address>
         <run_address>0xa132</run_address>
         <size>0x12</size>
         <input_file_ref idref="fl-4d"/>
      </object_component>
      <object_component id="oc-11f">
         <name>.text</name>
         <load_address>0xa144</load_address>
         <run_address>0xa144</run_address>
         <size>0x10</size>
         <input_file_ref idref="fl-40"/>
      </object_component>
      <object_component id="oc-160">
         <name>.text:charge</name>
         <load_address>0xa154</load_address>
         <run_address>0xa154</run_address>
         <size>0xe</size>
         <input_file_ref idref="fl-a"/>
      </object_component>
      <object_component id="oc-164">
         <name>.text:imperial_march</name>
         <load_address>0xa162</load_address>
         <run_address>0xa162</run_address>
         <size>0xe</size>
         <input_file_ref idref="fl-a"/>
      </object_component>
      <object_component id="oc-16e">
         <name>.text:strlen</name>
         <load_address>0xa170</load_address>
         <run_address>0xa170</run_address>
         <size>0xe</size>
         <input_file_ref idref="fl-54"/>
      </object_component>
      <object_component id="oc-5b">
         <name>.text</name>
         <load_address>0xa17e</load_address>
         <run_address>0xa17e</run_address>
         <size>0xc</size>
         <input_file_ref idref="fl-5"/>
      </object_component>
      <object_component id="oc-141">
         <name>.text:rasberry</name>
         <load_address>0xa18a</load_address>
         <run_address>0xa18a</run_address>
         <size>0xc</size>
         <input_file_ref idref="fl-a"/>
      </object_component>
      <object_component id="oc-134">
         <name>.text:START_LEVEL_event</name>
         <load_address>0xa196</load_address>
         <run_address>0xa196</run_address>
         <size>0xa</size>
         <input_file_ref idref="fl-7"/>
      </object_component>
      <object_component id="oc-13f">
         <name>.text:lcd_clear</name>
         <load_address>0xa1a0</load_address>
         <run_address>0xa1a0</run_address>
         <size>0xa</size>
         <input_file_ref idref="fl-3"/>
      </object_component>
      <object_component id="oc-116">
         <name>.text:ADC10_ISR</name>
         <load_address>0xa1aa</load_address>
         <run_address>0xa1aa</run_address>
         <size>0x8</size>
         <input_file_ref idref="fl-2"/>
      </object_component>
      <object_component id="oc-140">
         <name>.text:blink</name>
         <load_address>0xa1b2</load_address>
         <run_address>0xa1b2</run_address>
         <size>0x8</size>
         <input_file_ref idref="fl-a"/>
      </object_component>
      <object_component id="oc-118">
         <name>.text:_system_pre_init</name>
         <load_address>0xa1ba</load_address>
         <run_address>0xa1ba</run_address>
         <size>0x4</size>
         <input_file_ref idref="fl-52"/>
      </object_component>
      <object_component id="oc-11e">
         <name>.text:abort</name>
         <load_address>0xa1be</load_address>
         <run_address>0xa1be</run_address>
         <size>0x4</size>
         <input_file_ref idref="fl-41"/>
      </object_component>
      <object_component id="oc-13a">
         <name>.text:_nop</name>
         <load_address>0xa1c2</load_address>
         <run_address>0xa1c2</run_address>
         <size>0x2</size>
         <input_file_ref idref="fl-58"/>
      </object_component>
      <object_component id="oc-68">
         <name>.cinit</name>
         <load_address>0xac82</load_address>
         <run_address>0xac82</run_address>
         <size>0xb</size>
         <input_file_ref idref="fl-7"/>
      </object_component>
      <object_component id="oc-db">
         <name>.cinit</name>
         <load_address>0xac8e</load_address>
         <run_address>0xac8e</run_address>
         <size>0x8</size>
         <input_file_ref idref="fl-53"/>
      </object_component>
      <object_component id="oc-123">
         <name>.cinit:_lock</name>
         <load_address>0xac96</load_address>
         <run_address>0xac96</run_address>
         <size>0x6</size>
         <input_file_ref idref="fl-58"/>
      </object_component>
      <object_component id="oc-129">
         <name>.cinit:_unlock</name>
         <load_address>0xac9c</load_address>
         <run_address>0xac9c</run_address>
         <size>0x6</size>
         <input_file_ref idref="fl-58"/>
      </object_component>
      <object_component id="oc-c0">
         <name>.cinit</name>
         <load_address>0xaca2</load_address>
         <run_address>0xaca2</run_address>
         <size>0x6</size>
         <input_file_ref idref="fl-4e"/>
      </object_component>
      <object_component id="oc-162">
         <name>.const:snake1_image</name>
         <load_address>0xa1c4</load_address>
         <run_address>0xa1c4</run_address>
         <size>0x682</size>
         <input_file_ref idref="fl-8"/>
      </object_component>
      <object_component id="oc-167">
         <name>.const:cs</name>
         <load_address>0xa846</load_address>
         <run_address>0xa846</run_address>
         <size>0x1e0</size>
         <input_file_ref idref="fl-3"/>
      </object_component>
      <object_component id="oc-177">
         <name>.const:imperial_march_notes</name>
         <load_address>0xaa26</load_address>
         <run_address>0xaa26</run_address>
         <size>0x118</size>
         <input_file_ref idref="fl-a"/>
      </object_component>
      <object_component id="oc-172">
         <name>.const:.string:dv3</name>
         <load_address>0xab3e</load_address>
         <run_address>0xab3e</run_address>
         <size>0xa2</size>
         <input_file_ref idref="fl-3"/>
      </object_component>
      <object_component id="oc-69">
         <name>.const:.string</name>
         <load_address>0xabe0</load_address>
         <run_address>0xabe0</run_address>
         <size>0x2e</size>
         <input_file_ref idref="fl-7"/>
      </object_component>
      <object_component id="oc-16a">
         <name>.const:dv$3</name>
         <load_address>0xac0e</load_address>
         <run_address>0xac0e</run_address>
         <size>0x2c</size>
         <input_file_ref idref="fl-3"/>
      </object_component>
      <object_component id="oc-175">
         <name>.const:Charge</name>
         <load_address>0xac3a</load_address>
         <run_address>0xac3a</run_address>
         <size>0x18</size>
         <input_file_ref idref="fl-a"/>
      </object_component>
      <object_component id="oc-16c">
         <name>.const:.string:lHexChar$1</name>
         <load_address>0xac52</load_address>
         <run_address>0xac52</run_address>
         <size>0x11</size>
         <input_file_ref idref="fl-3"/>
      </object_component>
      <object_component id="oc-16d">
         <name>.const:.string:uHexChar$2</name>
         <load_address>0xac64</load_address>
         <run_address>0xac64</run_address>
         <size>0x11</size>
         <input_file_ref idref="fl-3"/>
      </object_component>
      <object_component id="oc-173">
         <name>.const:px_off</name>
         <load_address>0xac76</load_address>
         <run_address>0xac76</run_address>
         <size>0x6</size>
         <input_file_ref idref="fl-3"/>
      </object_component>
      <object_component id="oc-174">
         <name>.const:px_on</name>
         <load_address>0xac7c</load_address>
         <run_address>0xac7c</run_address>
         <size>0x6</size>
         <input_file_ref idref="fl-3"/>
      </object_component>
      <object_component id="oc-f1">
         <name>.cio</name>
         <uninitialized>true</uninitialized>
         <run_address>0x0</run_address>
         <size>0x120</size>
         <input_file_ref idref="fl-57"/>
      </object_component>
      <object_component id="oc-33">
         <name>.int02</name>
         <load_address>0xffe4</load_address>
         <run_address>0xffe4</run_address>
         <size>0x2</size>
         <input_file_ref idref="fl-9"/>
      </object_component>
      <object_component id="oc-34">
         <name>.int03</name>
         <load_address>0xffe6</load_address>
         <run_address>0xffe6</run_address>
         <size>0x2</size>
         <input_file_ref idref="fl-43"/>
      </object_component>
      <object_component id="oc-35">
         <name>.int05</name>
         <load_address>0xffea</load_address>
         <run_address>0xffea</run_address>
         <size>0x2</size>
         <input_file_ref idref="fl-2"/>
      </object_component>
      <object_component id="oc-36">
         <name>.int06</name>
         <load_address>0xffec</load_address>
         <run_address>0xffec</run_address>
         <size>0x2</size>
         <input_file_ref idref="fl-44"/>
      </object_component>
      <object_component id="oc-37">
         <name>.int07</name>
         <load_address>0xffee</load_address>
         <run_address>0xffee</run_address>
         <size>0x2</size>
         <input_file_ref idref="fl-45"/>
      </object_component>
      <object_component id="oc-38">
         <name>.int08</name>
         <load_address>0xfff0</load_address>
         <run_address>0xfff0</run_address>
         <size>0x2</size>
         <input_file_ref idref="fl-5"/>
      </object_component>
      <object_component id="oc-39">
         <name>.int09</name>
         <load_address>0xfff2</load_address>
         <run_address>0xfff2</run_address>
         <size>0x2</size>
         <input_file_ref idref="fl-46"/>
      </object_component>
      <object_component id="oc-3a">
         <name>.int10</name>
         <load_address>0xfff4</load_address>
         <run_address>0xfff4</run_address>
         <size>0x2</size>
         <input_file_ref idref="fl-9"/>
      </object_component>
      <object_component id="oc-3b">
         <name>.int12</name>
         <load_address>0xfff8</load_address>
         <run_address>0xfff8</run_address>
         <size>0x2</size>
         <input_file_ref idref="fl-47"/>
      </object_component>
      <object_component id="oc-3c">
         <name>.int13</name>
         <load_address>0xfffa</load_address>
         <run_address>0xfffa</run_address>
         <size>0x2</size>
         <input_file_ref idref="fl-48"/>
      </object_component>
      <object_component id="oc-3d">
         <name>.int14</name>
         <load_address>0xfffc</load_address>
         <run_address>0xfffc</run_address>
         <size>0x2</size>
         <input_file_ref idref="fl-49"/>
      </object_component>
      <object_component id="oc-7d">
         <name>.reset</name>
         <load_address>0xfffe</load_address>
         <run_address>0xfffe</run_address>
         <size>0x2</size>
         <input_file_ref idref="fl-39"/>
      </object_component>
      <object_component id="oc-4a">
         <name>.debug_info</name>
         <load_address>0x0</load_address>
         <run_address>0x0</run_address>
         <size>0x843</size>
         <input_file_ref idref="fl-2"/>
      </object_component>
      <object_component id="oc-50">
         <name>.debug_info</name>
         <load_address>0x843</load_address>
         <run_address>0x843</run_address>
         <size>0x204e</size>
         <input_file_ref idref="fl-3"/>
      </object_component>
      <object_component id="oc-56">
         <name>.debug_info</name>
         <load_address>0x2891</load_address>
         <run_address>0x2891</run_address>
         <size>0x62e</size>
         <input_file_ref idref="fl-4"/>
      </object_component>
      <object_component id="oc-5c">
         <name>.debug_info</name>
         <load_address>0x2ebf</load_address>
         <run_address>0x2ebf</run_address>
         <size>0xcd</size>
         <input_file_ref idref="fl-5"/>
      </object_component>
      <object_component id="oc-61">
         <name>.debug_info</name>
         <load_address>0x2f8c</load_address>
         <run_address>0x2f8c</run_address>
         <size>0x789</size>
         <input_file_ref idref="fl-6"/>
      </object_component>
      <object_component id="oc-67">
         <name>.debug_info</name>
         <load_address>0x3715</load_address>
         <run_address>0x3715</run_address>
         <size>0x16f9</size>
         <input_file_ref idref="fl-7"/>
      </object_component>
      <object_component id="oc-6e">
         <name>.debug_info</name>
         <load_address>0x4e0e</load_address>
         <run_address>0x4e0e</run_address>
         <size>0x1c9</size>
         <input_file_ref idref="fl-8"/>
      </object_component>
      <object_component id="oc-71">
         <name>.debug_info</name>
         <load_address>0x4fd7</load_address>
         <run_address>0x4fd7</run_address>
         <size>0x6bd</size>
         <input_file_ref idref="fl-9"/>
      </object_component>
      <object_component id="oc-76">
         <name>.debug_info</name>
         <load_address>0x5694</load_address>
         <run_address>0x5694</run_address>
         <size>0xa4e</size>
         <input_file_ref idref="fl-a"/>
      </object_component>
      <object_component id="oc-7b">
         <name>.debug_info</name>
         <load_address>0x60e2</load_address>
         <run_address>0x60e2</run_address>
         <size>0x2b9</size>
         <input_file_ref idref="fl-39"/>
      </object_component>
      <object_component id="oc-82">
         <name>.debug_info</name>
         <load_address>0x639b</load_address>
         <run_address>0x639b</run_address>
         <size>0x395</size>
         <input_file_ref idref="fl-3a"/>
      </object_component>
      <object_component id="oc-87">
         <name>.debug_info</name>
         <load_address>0x6730</load_address>
         <run_address>0x6730</run_address>
         <size>0x2d7</size>
         <input_file_ref idref="fl-3b"/>
      </object_component>
      <object_component id="oc-8c">
         <name>.debug_info</name>
         <load_address>0x6a07</load_address>
         <run_address>0x6a07</run_address>
         <size>0x27c</size>
         <input_file_ref idref="fl-3c"/>
      </object_component>
      <object_component id="oc-91">
         <name>.debug_info</name>
         <load_address>0x6c83</load_address>
         <run_address>0x6c83</run_address>
         <size>0x292</size>
         <input_file_ref idref="fl-3d"/>
      </object_component>
      <object_component id="oc-97">
         <name>.debug_info</name>
         <load_address>0x6f15</load_address>
         <run_address>0x6f15</run_address>
         <size>0x12a</size>
         <input_file_ref idref="fl-3e"/>
      </object_component>
      <object_component id="oc-9c">
         <name>.debug_info</name>
         <load_address>0x703f</load_address>
         <run_address>0x703f</run_address>
         <size>0x11d</size>
         <input_file_ref idref="fl-3f"/>
      </object_component>
      <object_component id="oc-a0">
         <name>.debug_info</name>
         <load_address>0x715c</load_address>
         <run_address>0x715c</run_address>
         <size>0x126</size>
         <input_file_ref idref="fl-40"/>
      </object_component>
      <object_component id="oc-a4">
         <name>.debug_info</name>
         <load_address>0x7282</load_address>
         <run_address>0x7282</run_address>
         <size>0x2fc</size>
         <input_file_ref idref="fl-41"/>
      </object_component>
      <object_component id="oc-a9">
         <name>.debug_info</name>
         <load_address>0x757e</load_address>
         <run_address>0x757e</run_address>
         <size>0x1d3</size>
         <input_file_ref idref="fl-42"/>
      </object_component>
      <object_component id="oc-ac">
         <name>.debug_info</name>
         <load_address>0x7751</load_address>
         <run_address>0x7751</run_address>
         <size>0x11a</size>
         <input_file_ref idref="fl-4a"/>
      </object_component>
      <object_component id="oc-b1">
         <name>.debug_info</name>
         <load_address>0x786b</load_address>
         <run_address>0x786b</run_address>
         <size>0x11a</size>
         <input_file_ref idref="fl-4b"/>
      </object_component>
      <object_component id="oc-b5">
         <name>.debug_info</name>
         <load_address>0x7985</load_address>
         <run_address>0x7985</run_address>
         <size>0x11a</size>
         <input_file_ref idref="fl-4c"/>
      </object_component>
      <object_component id="oc-b9">
         <name>.debug_info</name>
         <load_address>0x7a9f</load_address>
         <run_address>0x7a9f</run_address>
         <size>0x305</size>
         <input_file_ref idref="fl-4d"/>
      </object_component>
      <object_component id="oc-bf">
         <name>.debug_info</name>
         <load_address>0x7da4</load_address>
         <run_address>0x7da4</run_address>
         <size>0x422</size>
         <input_file_ref idref="fl-4e"/>
      </object_component>
      <object_component id="oc-c6">
         <name>.debug_info</name>
         <load_address>0x81c6</load_address>
         <run_address>0x81c6</run_address>
         <size>0x24e</size>
         <input_file_ref idref="fl-4f"/>
      </object_component>
      <object_component id="oc-cb">
         <name>.debug_info</name>
         <load_address>0x8414</load_address>
         <run_address>0x8414</run_address>
         <size>0x2d1</size>
         <input_file_ref idref="fl-50"/>
      </object_component>
      <object_component id="oc-d0">
         <name>.debug_info</name>
         <load_address>0x86e5</load_address>
         <run_address>0x86e5</run_address>
         <size>0x11d</size>
         <input_file_ref idref="fl-51"/>
      </object_component>
      <object_component id="oc-d4">
         <name>.debug_info</name>
         <load_address>0x8802</load_address>
         <run_address>0x8802</run_address>
         <size>0x28e</size>
         <input_file_ref idref="fl-52"/>
      </object_component>
      <object_component id="oc-da">
         <name>.debug_info</name>
         <load_address>0x8a90</load_address>
         <run_address>0x8a90</run_address>
         <size>0x340</size>
         <input_file_ref idref="fl-53"/>
      </object_component>
      <object_component id="oc-e0">
         <name>.debug_info</name>
         <load_address>0x8dd0</load_address>
         <run_address>0x8dd0</run_address>
         <size>0x3a9</size>
         <input_file_ref idref="fl-54"/>
      </object_component>
      <object_component id="oc-e5">
         <name>.debug_info</name>
         <load_address>0x9179</load_address>
         <run_address>0x9179</run_address>
         <size>0x2e5</size>
         <input_file_ref idref="fl-55"/>
      </object_component>
      <object_component id="oc-eb">
         <name>.debug_info</name>
         <load_address>0x945e</load_address>
         <run_address>0x945e</run_address>
         <size>0x484</size>
         <input_file_ref idref="fl-56"/>
      </object_component>
      <object_component id="oc-f0">
         <name>.debug_info</name>
         <load_address>0x98e2</load_address>
         <run_address>0x98e2</run_address>
         <size>0x41e</size>
         <input_file_ref idref="fl-57"/>
      </object_component>
      <object_component id="oc-f6">
         <name>.debug_info</name>
         <load_address>0x9d00</load_address>
         <run_address>0x9d00</run_address>
         <size>0x2aa</size>
         <input_file_ref idref="fl-58"/>
      </object_component>
      <object_component id="oc-fb">
         <name>.debug_info</name>
         <load_address>0x9faa</load_address>
         <run_address>0x9faa</run_address>
         <size>0x2e9</size>
         <input_file_ref idref="fl-59"/>
      </object_component>
      <object_component id="oc-100">
         <name>.debug_info</name>
         <load_address>0xa293</load_address>
         <run_address>0xa293</run_address>
         <size>0x3a3</size>
         <input_file_ref idref="fl-5a"/>
      </object_component>
      <object_component id="oc-105">
         <name>.debug_info</name>
         <load_address>0xa636</load_address>
         <run_address>0xa636</run_address>
         <size>0x120</size>
         <input_file_ref idref="fl-5b"/>
      </object_component>
      <object_component id="oc-109">
         <name>.debug_info</name>
         <load_address>0xa756</load_address>
         <run_address>0xa756</run_address>
         <size>0x11d</size>
         <input_file_ref idref="fl-5c"/>
      </object_component>
      <object_component id="oc-10d">
         <name>.debug_info</name>
         <load_address>0xa873</load_address>
         <run_address>0xa873</run_address>
         <size>0x241</size>
         <input_file_ref idref="fl-5d"/>
      </object_component>
      <object_component id="oc-1a9">
         <name>.debug_info</name>
         <load_address>0xaab4</load_address>
         <run_address>0xaab4</run_address>
         <size>0x9b</size>
      </object_component>
      <object_component id="oc-4b">
         <name>.debug_frame</name>
         <load_address>0x0</load_address>
         <run_address>0x0</run_address>
         <size>0xcb</size>
         <input_file_ref idref="fl-2"/>
      </object_component>
      <object_component id="oc-51">
         <name>.debug_frame</name>
         <load_address>0xcb</load_address>
         <run_address>0xcb</run_address>
         <size>0x3b4</size>
         <input_file_ref idref="fl-3"/>
      </object_component>
      <object_component id="oc-57">
         <name>.debug_frame</name>
         <load_address>0x47f</load_address>
         <run_address>0x47f</run_address>
         <size>0x32</size>
         <input_file_ref idref="fl-4"/>
      </object_component>
      <object_component id="oc-62">
         <name>.debug_frame</name>
         <load_address>0x4b1</load_address>
         <run_address>0x4b1</run_address>
         <size>0x48</size>
         <input_file_ref idref="fl-6"/>
      </object_component>
      <object_component id="oc-6a">
         <name>.debug_frame</name>
         <load_address>0x4f9</load_address>
         <run_address>0x4f9</run_address>
         <size>0x223</size>
         <input_file_ref idref="fl-7"/>
      </object_component>
      <object_component id="oc-72">
         <name>.debug_frame</name>
         <load_address>0x71c</load_address>
         <run_address>0x71c</run_address>
         <size>0xb4</size>
         <input_file_ref idref="fl-9"/>
      </object_component>
      <object_component id="oc-77">
         <name>.debug_frame</name>
         <load_address>0x7d0</load_address>
         <run_address>0x7d0</run_address>
         <size>0x135</size>
         <input_file_ref idref="fl-a"/>
      </object_component>
      <object_component id="oc-7e">
         <name>.debug_frame</name>
         <load_address>0x905</load_address>
         <run_address>0x905</run_address>
         <size>0x32</size>
         <input_file_ref idref="fl-39"/>
      </object_component>
      <object_component id="oc-83">
         <name>.debug_frame</name>
         <load_address>0x937</load_address>
         <run_address>0x937</run_address>
         <size>0x42</size>
         <input_file_ref idref="fl-3a"/>
      </object_component>
      <object_component id="oc-88">
         <name>.debug_frame</name>
         <load_address>0x979</load_address>
         <run_address>0x979</run_address>
         <size>0x32</size>
         <input_file_ref idref="fl-3b"/>
      </object_component>
      <object_component id="oc-8d">
         <name>.debug_frame</name>
         <load_address>0x9ab</load_address>
         <run_address>0x9ab</run_address>
         <size>0x32</size>
         <input_file_ref idref="fl-3c"/>
      </object_component>
      <object_component id="oc-92">
         <name>.debug_frame</name>
         <load_address>0x9dd</load_address>
         <run_address>0x9dd</run_address>
         <size>0x32</size>
         <input_file_ref idref="fl-3d"/>
      </object_component>
      <object_component id="oc-a5">
         <name>.debug_frame</name>
         <load_address>0xa0f</load_address>
         <run_address>0xa0f</run_address>
         <size>0x47</size>
         <input_file_ref idref="fl-41"/>
      </object_component>
      <object_component id="oc-ba">
         <name>.debug_frame</name>
         <load_address>0xa56</load_address>
         <run_address>0xa56</run_address>
         <size>0x47</size>
         <input_file_ref idref="fl-4d"/>
      </object_component>
      <object_component id="oc-c2">
         <name>.debug_frame</name>
         <load_address>0xa9d</load_address>
         <run_address>0xa9d</run_address>
         <size>0x32</size>
         <input_file_ref idref="fl-4e"/>
      </object_component>
      <object_component id="oc-c7">
         <name>.debug_frame</name>
         <load_address>0xacf</load_address>
         <run_address>0xacf</run_address>
         <size>0x32</size>
         <input_file_ref idref="fl-4f"/>
      </object_component>
      <object_component id="oc-cc">
         <name>.debug_frame</name>
         <load_address>0xb01</load_address>
         <run_address>0xb01</run_address>
         <size>0x32</size>
         <input_file_ref idref="fl-50"/>
      </object_component>
      <object_component id="oc-d5">
         <name>.debug_frame</name>
         <load_address>0xb33</load_address>
         <run_address>0xb33</run_address>
         <size>0x47</size>
         <input_file_ref idref="fl-52"/>
      </object_component>
      <object_component id="oc-dc">
         <name>.debug_frame</name>
         <load_address>0xb7a</load_address>
         <run_address>0xb7a</run_address>
         <size>0x6e</size>
         <input_file_ref idref="fl-53"/>
      </object_component>
      <object_component id="oc-e1">
         <name>.debug_frame</name>
         <load_address>0xbe8</load_address>
         <run_address>0xbe8</run_address>
         <size>0x47</size>
         <input_file_ref idref="fl-54"/>
      </object_component>
      <object_component id="oc-e6">
         <name>.debug_frame</name>
         <load_address>0xc2f</load_address>
         <run_address>0xc2f</run_address>
         <size>0x50</size>
         <input_file_ref idref="fl-55"/>
      </object_component>
      <object_component id="oc-ec">
         <name>.debug_frame</name>
         <load_address>0xc7f</load_address>
         <run_address>0xc7f</run_address>
         <size>0x51</size>
         <input_file_ref idref="fl-56"/>
      </object_component>
      <object_component id="oc-f2">
         <name>.debug_frame</name>
         <load_address>0xcd0</load_address>
         <run_address>0xcd0</run_address>
         <size>0x5c</size>
         <input_file_ref idref="fl-57"/>
      </object_component>
      <object_component id="oc-f7">
         <name>.debug_frame</name>
         <load_address>0xd2c</load_address>
         <run_address>0xd2c</run_address>
         <size>0x47</size>
         <input_file_ref idref="fl-58"/>
      </object_component>
      <object_component id="oc-fc">
         <name>.debug_frame</name>
         <load_address>0xd73</load_address>
         <run_address>0xd73</run_address>
         <size>0x32</size>
         <input_file_ref idref="fl-59"/>
      </object_component>
      <object_component id="oc-101">
         <name>.debug_frame</name>
         <load_address>0xda5</load_address>
         <run_address>0xda5</run_address>
         <size>0x51</size>
         <input_file_ref idref="fl-5a"/>
      </object_component>
      <object_component id="oc-10e">
         <name>.debug_frame</name>
         <load_address>0xdf6</load_address>
         <run_address>0xdf6</run_address>
         <size>0x32</size>
         <input_file_ref idref="fl-5d"/>
      </object_component>
      <object_component id="oc-4c">
         <name>.debug_line</name>
         <load_address>0x0</load_address>
         <run_address>0x0</run_address>
         <size>0x1a4</size>
         <input_file_ref idref="fl-2"/>
      </object_component>
      <object_component id="oc-52">
         <name>.debug_line</name>
         <load_address>0x1a4</load_address>
         <run_address>0x1a4</run_address>
         <size>0x93c</size>
         <input_file_ref idref="fl-3"/>
      </object_component>
      <object_component id="oc-58">
         <name>.debug_line</name>
         <load_address>0xae0</load_address>
         <run_address>0xae0</run_address>
         <size>0x2e</size>
         <input_file_ref idref="fl-4"/>
      </object_component>
      <object_component id="oc-5d">
         <name>.debug_line</name>
         <load_address>0xb0e</load_address>
         <run_address>0xb0e</run_address>
         <size>0x43</size>
         <input_file_ref idref="fl-5"/>
      </object_component>
      <object_component id="oc-63">
         <name>.debug_line</name>
         <load_address>0xb51</load_address>
         <run_address>0xb51</run_address>
         <size>0xb8</size>
         <input_file_ref idref="fl-6"/>
      </object_component>
      <object_component id="oc-6b">
         <name>.debug_line</name>
         <load_address>0xc09</load_address>
         <run_address>0xc09</run_address>
         <size>0x3e2</size>
         <input_file_ref idref="fl-7"/>
      </object_component>
      <object_component id="oc-73">
         <name>.debug_line</name>
         <load_address>0xfeb</load_address>
         <run_address>0xfeb</run_address>
         <size>0xd3</size>
         <input_file_ref idref="fl-9"/>
      </object_component>
      <object_component id="oc-78">
         <name>.debug_line</name>
         <load_address>0x10be</load_address>
         <run_address>0x10be</run_address>
         <size>0x250</size>
         <input_file_ref idref="fl-a"/>
      </object_component>
      <object_component id="oc-7f">
         <name>.debug_line</name>
         <load_address>0x130e</load_address>
         <run_address>0x130e</run_address>
         <size>0x27</size>
         <input_file_ref idref="fl-39"/>
      </object_component>
      <object_component id="oc-84">
         <name>.debug_line</name>
         <load_address>0x1335</load_address>
         <run_address>0x1335</run_address>
         <size>0x4c</size>
         <input_file_ref idref="fl-3a"/>
      </object_component>
      <object_component id="oc-89">
         <name>.debug_line</name>
         <load_address>0x1381</load_address>
         <run_address>0x1381</run_address>
         <size>0x37</size>
         <input_file_ref idref="fl-3b"/>
      </object_component>
      <object_component id="oc-8e">
         <name>.debug_line</name>
         <load_address>0x13b8</load_address>
         <run_address>0x13b8</run_address>
         <size>0x36</size>
         <input_file_ref idref="fl-3c"/>
      </object_component>
      <object_component id="oc-93">
         <name>.debug_line</name>
         <load_address>0x13ee</load_address>
         <run_address>0x13ee</run_address>
         <size>0x31</size>
         <input_file_ref idref="fl-3d"/>
      </object_component>
      <object_component id="oc-98">
         <name>.debug_line</name>
         <load_address>0x141f</load_address>
         <run_address>0x141f</run_address>
         <size>0x4d</size>
         <input_file_ref idref="fl-3e"/>
      </object_component>
      <object_component id="oc-9d">
         <name>.debug_line</name>
         <load_address>0x146c</load_address>
         <run_address>0x146c</run_address>
         <size>0x43</size>
         <input_file_ref idref="fl-3f"/>
      </object_component>
      <object_component id="oc-a1">
         <name>.debug_line</name>
         <load_address>0x14af</load_address>
         <run_address>0x14af</run_address>
         <size>0x40</size>
         <input_file_ref idref="fl-40"/>
      </object_component>
      <object_component id="oc-a6">
         <name>.debug_line</name>
         <load_address>0x14ef</load_address>
         <run_address>0x14ef</run_address>
         <size>0x3d</size>
         <input_file_ref idref="fl-41"/>
      </object_component>
      <object_component id="oc-ad">
         <name>.debug_line</name>
         <load_address>0x152c</load_address>
         <run_address>0x152c</run_address>
         <size>0x4e</size>
         <input_file_ref idref="fl-4a"/>
      </object_component>
      <object_component id="oc-b2">
         <name>.debug_line</name>
         <load_address>0x157a</load_address>
         <run_address>0x157a</run_address>
         <size>0x5e</size>
         <input_file_ref idref="fl-4b"/>
      </object_component>
      <object_component id="oc-b6">
         <name>.debug_line</name>
         <load_address>0x15d8</load_address>
         <run_address>0x15d8</run_address>
         <size>0x42</size>
         <input_file_ref idref="fl-4c"/>
      </object_component>
      <object_component id="oc-bb">
         <name>.debug_line</name>
         <load_address>0x161a</load_address>
         <run_address>0x161a</run_address>
         <size>0x45</size>
         <input_file_ref idref="fl-4d"/>
      </object_component>
      <object_component id="oc-c3">
         <name>.debug_line</name>
         <load_address>0x165f</load_address>
         <run_address>0x165f</run_address>
         <size>0x29</size>
         <input_file_ref idref="fl-4e"/>
      </object_component>
      <object_component id="oc-c8">
         <name>.debug_line</name>
         <load_address>0x1688</load_address>
         <run_address>0x1688</run_address>
         <size>0xa2</size>
         <input_file_ref idref="fl-4f"/>
      </object_component>
      <object_component id="oc-cd">
         <name>.debug_line</name>
         <load_address>0x172a</load_address>
         <run_address>0x172a</run_address>
         <size>0x2b</size>
         <input_file_ref idref="fl-50"/>
      </object_component>
      <object_component id="oc-d1">
         <name>.debug_line</name>
         <load_address>0x1755</load_address>
         <run_address>0x1755</run_address>
         <size>0x42</size>
         <input_file_ref idref="fl-51"/>
      </object_component>
      <object_component id="oc-d6">
         <name>.debug_line</name>
         <load_address>0x1797</load_address>
         <run_address>0x1797</run_address>
         <size>0x3e</size>
         <input_file_ref idref="fl-52"/>
      </object_component>
      <object_component id="oc-dd">
         <name>.debug_line</name>
         <load_address>0x17d5</load_address>
         <run_address>0x17d5</run_address>
         <size>0x57</size>
         <input_file_ref idref="fl-53"/>
      </object_component>
      <object_component id="oc-e2">
         <name>.debug_line</name>
         <load_address>0x182c</load_address>
         <run_address>0x182c</run_address>
         <size>0xbf</size>
         <input_file_ref idref="fl-54"/>
      </object_component>
      <object_component id="oc-e7">
         <name>.debug_line</name>
         <load_address>0x18eb</load_address>
         <run_address>0x18eb</run_address>
         <size>0x3e</size>
         <input_file_ref idref="fl-55"/>
      </object_component>
      <object_component id="oc-ed">
         <name>.debug_line</name>
         <load_address>0x1929</load_address>
         <run_address>0x1929</run_address>
         <size>0x44</size>
         <input_file_ref idref="fl-56"/>
      </object_component>
      <object_component id="oc-f3">
         <name>.debug_line</name>
         <load_address>0x196d</load_address>
         <run_address>0x196d</run_address>
         <size>0x78</size>
         <input_file_ref idref="fl-57"/>
      </object_component>
      <object_component id="oc-f8">
         <name>.debug_line</name>
         <load_address>0x19e5</load_address>
         <run_address>0x19e5</run_address>
         <size>0x38</size>
         <input_file_ref idref="fl-58"/>
      </object_component>
      <object_component id="oc-fd">
         <name>.debug_line</name>
         <load_address>0x1a1d</load_address>
         <run_address>0x1a1d</run_address>
         <size>0x2c</size>
         <input_file_ref idref="fl-59"/>
      </object_component>
      <object_component id="oc-102">
         <name>.debug_line</name>
         <load_address>0x1a49</load_address>
         <run_address>0x1a49</run_address>
         <size>0x78</size>
         <input_file_ref idref="fl-5a"/>
      </object_component>
      <object_component id="oc-106">
         <name>.debug_line</name>
         <load_address>0x1ac1</load_address>
         <run_address>0x1ac1</run_address>
         <size>0x59</size>
         <input_file_ref idref="fl-5b"/>
      </object_component>
      <object_component id="oc-10a">
         <name>.debug_line</name>
         <load_address>0x1b1a</load_address>
         <run_address>0x1b1a</run_address>
         <size>0x4b</size>
         <input_file_ref idref="fl-5c"/>
      </object_component>
      <object_component id="oc-10f">
         <name>.debug_line</name>
         <load_address>0x1b65</load_address>
         <run_address>0x1b65</run_address>
         <size>0xa2</size>
         <input_file_ref idref="fl-5d"/>
      </object_component>
      <object_component id="oc-4d">
         <name>.debug_abbrev</name>
         <load_address>0x0</load_address>
         <run_address>0x0</run_address>
         <size>0x1b8</size>
         <input_file_ref idref="fl-2"/>
      </object_component>
      <object_component id="oc-53">
         <name>.debug_abbrev</name>
         <load_address>0x1b8</load_address>
         <run_address>0x1b8</run_address>
         <size>0x25e</size>
         <input_file_ref idref="fl-3"/>
      </object_component>
      <object_component id="oc-59">
         <name>.debug_abbrev</name>
         <load_address>0x416</load_address>
         <run_address>0x416</run_address>
         <size>0x199</size>
         <input_file_ref idref="fl-4"/>
      </object_component>
      <object_component id="oc-5e">
         <name>.debug_abbrev</name>
         <load_address>0x5af</load_address>
         <run_address>0x5af</run_address>
         <size>0x21</size>
         <input_file_ref idref="fl-5"/>
      </object_component>
      <object_component id="oc-64">
         <name>.debug_abbrev</name>
         <load_address>0x5d0</load_address>
         <run_address>0x5d0</run_address>
         <size>0xf2</size>
         <input_file_ref idref="fl-6"/>
      </object_component>
      <object_component id="oc-6c">
         <name>.debug_abbrev</name>
         <load_address>0x6c2</load_address>
         <run_address>0x6c2</run_address>
         <size>0x1d2</size>
         <input_file_ref idref="fl-7"/>
      </object_component>
      <object_component id="oc-6f">
         <name>.debug_abbrev</name>
         <load_address>0x894</load_address>
         <run_address>0x894</run_address>
         <size>0x59</size>
         <input_file_ref idref="fl-8"/>
      </object_component>
      <object_component id="oc-74">
         <name>.debug_abbrev</name>
         <load_address>0x8ed</load_address>
         <run_address>0x8ed</run_address>
         <size>0x128</size>
         <input_file_ref idref="fl-9"/>
      </object_component>
      <object_component id="oc-79">
         <name>.debug_abbrev</name>
         <load_address>0xa15</load_address>
         <run_address>0xa15</run_address>
         <size>0x18b</size>
         <input_file_ref idref="fl-a"/>
      </object_component>
      <object_component id="oc-80">
         <name>.debug_abbrev</name>
         <load_address>0xba0</load_address>
         <run_address>0xba0</run_address>
         <size>0xb0</size>
         <input_file_ref idref="fl-39"/>
      </object_component>
      <object_component id="oc-85">
         <name>.debug_abbrev</name>
         <load_address>0xc50</load_address>
         <run_address>0xc50</run_address>
         <size>0xb2</size>
         <input_file_ref idref="fl-3a"/>
      </object_component>
      <object_component id="oc-8a">
         <name>.debug_abbrev</name>
         <load_address>0xd02</load_address>
         <run_address>0xd02</run_address>
         <size>0xbb</size>
         <input_file_ref idref="fl-3b"/>
      </object_component>
      <object_component id="oc-8f">
         <name>.debug_abbrev</name>
         <load_address>0xdbd</load_address>
         <run_address>0xdbd</run_address>
         <size>0xd6</size>
         <input_file_ref idref="fl-3c"/>
      </object_component>
      <object_component id="oc-94">
         <name>.debug_abbrev</name>
         <load_address>0xe93</load_address>
         <run_address>0xe93</run_address>
         <size>0x9d</size>
         <input_file_ref idref="fl-3d"/>
      </object_component>
      <object_component id="oc-99">
         <name>.debug_abbrev</name>
         <load_address>0xf30</load_address>
         <run_address>0xf30</run_address>
         <size>0x46</size>
         <input_file_ref idref="fl-3e"/>
      </object_component>
      <object_component id="oc-9e">
         <name>.debug_abbrev</name>
         <load_address>0xf76</load_address>
         <run_address>0xf76</run_address>
         <size>0x38</size>
         <input_file_ref idref="fl-3f"/>
      </object_component>
      <object_component id="oc-a2">
         <name>.debug_abbrev</name>
         <load_address>0xfae</load_address>
         <run_address>0xfae</run_address>
         <size>0x36</size>
         <input_file_ref idref="fl-40"/>
      </object_component>
      <object_component id="oc-a7">
         <name>.debug_abbrev</name>
         <load_address>0xfe4</load_address>
         <run_address>0xfe4</run_address>
         <size>0xfe</size>
         <input_file_ref idref="fl-41"/>
      </object_component>
      <object_component id="oc-aa">
         <name>.debug_abbrev</name>
         <load_address>0x10e2</load_address>
         <run_address>0x10e2</run_address>
         <size>0x53</size>
         <input_file_ref idref="fl-42"/>
      </object_component>
      <object_component id="oc-ae">
         <name>.debug_abbrev</name>
         <load_address>0x1135</load_address>
         <run_address>0x1135</run_address>
         <size>0x38</size>
         <input_file_ref idref="fl-4a"/>
      </object_component>
      <object_component id="oc-b3">
         <name>.debug_abbrev</name>
         <load_address>0x116d</load_address>
         <run_address>0x116d</run_address>
         <size>0x38</size>
         <input_file_ref idref="fl-4b"/>
      </object_component>
      <object_component id="oc-b7">
         <name>.debug_abbrev</name>
         <load_address>0x11a5</load_address>
         <run_address>0x11a5</run_address>
         <size>0x38</size>
         <input_file_ref idref="fl-4c"/>
      </object_component>
      <object_component id="oc-bc">
         <name>.debug_abbrev</name>
         <load_address>0x11dd</load_address>
         <run_address>0x11dd</run_address>
         <size>0x9f</size>
         <input_file_ref idref="fl-4d"/>
      </object_component>
      <object_component id="oc-c4">
         <name>.debug_abbrev</name>
         <load_address>0x127c</load_address>
         <run_address>0x127c</run_address>
         <size>0x18e</size>
         <input_file_ref idref="fl-4e"/>
      </object_component>
      <object_component id="oc-c9">
         <name>.debug_abbrev</name>
         <load_address>0x140a</load_address>
         <run_address>0x140a</run_address>
         <size>0x9f</size>
         <input_file_ref idref="fl-4f"/>
      </object_component>
      <object_component id="oc-ce">
         <name>.debug_abbrev</name>
         <load_address>0x14a9</load_address>
         <run_address>0x14a9</run_address>
         <size>0xa6</size>
         <input_file_ref idref="fl-50"/>
      </object_component>
      <object_component id="oc-d2">
         <name>.debug_abbrev</name>
         <load_address>0x154f</load_address>
         <run_address>0x154f</run_address>
         <size>0x38</size>
         <input_file_ref idref="fl-51"/>
      </object_component>
      <object_component id="oc-d7">
         <name>.debug_abbrev</name>
         <load_address>0x1587</load_address>
         <run_address>0x1587</run_address>
         <size>0x68</size>
         <input_file_ref idref="fl-52"/>
      </object_component>
      <object_component id="oc-de">
         <name>.debug_abbrev</name>
         <load_address>0x15ef</load_address>
         <run_address>0x15ef</run_address>
         <size>0xf2</size>
         <input_file_ref idref="fl-53"/>
      </object_component>
      <object_component id="oc-e3">
         <name>.debug_abbrev</name>
         <load_address>0x16e1</load_address>
         <run_address>0x16e1</run_address>
         <size>0x9f</size>
         <input_file_ref idref="fl-54"/>
      </object_component>
      <object_component id="oc-e8">
         <name>.debug_abbrev</name>
         <load_address>0x1780</load_address>
         <run_address>0x1780</run_address>
         <size>0xbd</size>
         <input_file_ref idref="fl-55"/>
      </object_component>
      <object_component id="oc-ee">
         <name>.debug_abbrev</name>
         <load_address>0x183d</load_address>
         <run_address>0x183d</run_address>
         <size>0x168</size>
         <input_file_ref idref="fl-56"/>
      </object_component>
      <object_component id="oc-f4">
         <name>.debug_abbrev</name>
         <load_address>0x19a5</load_address>
         <run_address>0x19a5</run_address>
         <size>0xbd</size>
         <input_file_ref idref="fl-57"/>
      </object_component>
      <object_component id="oc-f9">
         <name>.debug_abbrev</name>
         <load_address>0x1a62</load_address>
         <run_address>0x1a62</run_address>
         <size>0xa9</size>
[...]
         <value>0x4f0</value>
         <object_component_ref idref="oc-66"/>
      </symbol>
      <symbol id="sm-2e0">
         <name>seconds</name>
         <value>0x3d4</value>
         <object_component_ref idref="oc-66"/>
      </symbol>
      <symbol id="sm-2e1">
         <name>MOVE_SNAKE_event</name>
         <value>0x90f6</value>
         <object_component_ref idref="oc-139"/>
      </symbol>
      <symbol id="sm-2e2">
         <name>SWITCH_1_event</name>
         <value>0x9a6a</value>
         <object_component_ref idref="oc-138"/>
      </symbol>
      <symbol id="sm-2e3">
         <name>generateicons</name>
         <value>0x8978</value>
         <object_component_ref idref="oc-145"/>
      </symbol>
      <symbol id="sm-2e4">
         <name>START_LEVEL_event</name>
         <value>0xa196</value>
         <object_component_ref idref="oc-134"/>
      </symbol>
      <symbol id="sm-2e5">
         <name>create</name>
         <value>0x4f4</value>
         <object_component_ref idref="oc-66"/>
      </symbol>
      <symbol id="sm-2e6">
         <name>move_cnt</name>
         <value>0x3d6</value>
         <object_component_ref idref="oc-66"/>
      </symbol>
      <symbol id="sm-2e7">
         <name>NEW_GAME_event</name>
         <value>0x8ffe</value>
         <object_component_ref idref="oc-132"/>
      </symbol>
      <symbol id="sm-2ef">
         <name>snake1_image</name>
         <value>0xa1c4</value>
         <object_component_ref idref="oc-162"/>
      </symbol>
      <symbol id="sm-310">
         <name>WDT_ISR</name>
         <value>0x92b4</value>
         <object_component_ref idref="oc-117"/>
      </symbol>
      <symbol id="sm-311">
         <name>WDT_move_cnt</name>
         <value>0x522</value>
         <object_component_ref idref="oc-70"/>
      </symbol>
      <symbol id="sm-312">
         <name>backlight_cnt</name>
         <value>0x526</value>
         <object_component_ref idref="oc-70"/>
      </symbol>
      <symbol id="sm-313">
         <name>__TI_int02</name>
         <value>0xffe4</value>
         <object_component_ref idref="oc-33"/>
      </symbol>
      <symbol id="sm-314">
         <name>TB0_tone_on</name>
         <value>0x52c</value>
         <object_component_ref idref="oc-70"/>
      </symbol>
      <symbol id="sm-315">
         <name>port1_init</name>
         <value>0x9e1c</value>
         <object_component_ref idref="oc-12e"/>
      </symbol>
      <symbol id="sm-316">
         <name>__TI_int10</name>
         <value>0xfff4</value>
         <object_component_ref idref="oc-3a"/>
      </symbol>
      <symbol id="sm-317">
         <name>Port_1_ISR</name>
         <value>0xa0b8</value>
         <object_component_ref idref="oc-114"/>
      </symbol>
      <symbol id="sm-318">
         <name>watchdog_init</name>
         <value>0x9fb4</value>
         <object_component_ref idref="oc-130"/>
      </symbol>
      <symbol id="sm-319">
         <name>WDT_delay</name>
         <value>0x528</value>
         <object_component_ref idref="oc-70"/>
      </symbol>
      <symbol id="sm-31a">
         <name>WDT_debounce_cnt</name>
         <value>0x524</value>
         <object_component_ref idref="oc-70"/>
      </symbol>
      <symbol id="sm-31b">
         <name>WDT_cps_cnt</name>
         <value>0x520</value>
         <object_component_ref idref="oc-70"/>
      </symbol>
      <symbol id="sm-367">
         <name>rasberry</name>
         <value>0xa18a</value>
         <object_component_ref idref="oc-141"/>
      </symbol>
      <symbol id="sm-368">
         <name>outTone</name>
         <value>0x9b3c</value>
         <object_component_ref idref="oc-152"/>
      </symbol>
      <symbol id="sm-369">
         <name>beep</name>
         <value>0xa0e4</value>
         <object_component_ref idref="oc-15e"/>
      </symbol>
      <symbol id="sm-36a">
         <name>timerB_init</name>
         <value>0xa06e</value>
         <object_component_ref idref="oc-12f"/>
      </symbol>
      <symbol id="sm-36b">
         <name>imperial_march</name>
         <value>0xa162</value>
         <object_component_ref idref="oc-164"/>
      </symbol>
      <symbol id="sm-36c">
         <name>blink</name>
         <value>0xa1b2</value>
         <object_component_ref idref="oc-140"/>
      </symbol>
      <symbol id="sm-36d">
         <name>doDitty</name>
         <value>0x9d30</value>
         <object_component_ref idref="oc-176"/>
      </symbol>
      <symbol id="sm-36e">
         <name>delete_tail</name>
         <value>0x9948</value>
         <object_component_ref idref="oc-14d"/>
      </symbol>
      <symbol id="sm-36f">
         <name>imperial_march_notes</name>
         <value>0xaa26</value>
         <object_component_ref idref="oc-177"/>
      </symbol>
      <symbol id="sm-370">
         <name>new_snake</name>
         <value>0x9af6</value>
         <object_component_ref idref="oc-146"/>
      </symbol>
      <symbol id="sm-371">
         <name>Charge</name>
         <value>0xac3a</value>
         <object_component_ref idref="oc-175"/>
      </symbol>
      <symbol id="sm-372">
         <name>add_head</name>
         <value>0x848a</value>
         <object_component_ref idref="oc-147"/>
      </symbol>
      <symbol id="sm-373">
         <name>charge</name>
         <value>0xa154</value>
         <object_component_ref idref="oc-160"/>
      </symbol>
      <symbol id="sm-382">
         <name>_stack</name>
         <value>0x580</value>
         <object_component_ref idref="oc-7c"/>
      </symbol>
      <symbol id="sm-383">
         <name>_reset_vector</name>
         <value>0xfffe</value>
         <object_component_ref idref="oc-7d"/>
      </symbol>
      <symbol id="sm-391">
         <name>_c_int00_noargs_noexit</name>
         <value>0xa054</value>
         <object_component_ref idref="oc-43"/>
      </symbol>
      <symbol id="sm-3bc">
         <name>__remi</name>
         <value>0x9ea2</value>
         <object_component_ref idref="oc-96"/>
      </symbol>
      <symbol id="sm-3bd">
         <name>__divi</name>
         <value>0x9ea2</value>
         <object_component_ref idref="oc-96"/>
      </symbol>
      <symbol id="sm-3cb">
         <name>__remu</name>
         <value>0xa0ce</value>
         <object_component_ref idref="oc-9b"/>
      </symbol>
      <symbol id="sm-3cc">
         <name>__divu</name>
         <value>0xa0ce</value>
         <object_component_ref idref="oc-9b"/>
      </symbol>
      <symbol id="sm-3d9">
         <name>func_epilog_1</name>
         <value>0xa150</value>
         <object_component_ref idref="oc-11f"/>
      </symbol>
      <symbol id="sm-3da">
         <name>func_epilog_2</name>
         <value>0xa14e</value>
         <object_component_ref idref="oc-11f"/>
      </symbol>
      <symbol id="sm-3db">
         <name>func_epilog_3</name>
         <value>0xa14c</value>
         <object_component_ref idref="oc-11f"/>
      </symbol>
      <symbol id="sm-3dc">
         <name>func_epilog_4</name>
         <value>0xa14a</value>
         <object_component_ref idref="oc-11f"/>
      </symbol>
      <symbol id="sm-3dd">
         <name>func_epilog_5</name>
         <value>0xa148</value>
         <object_component_ref idref="oc-11f"/>
      </symbol>
      <symbol id="sm-3de">
         <name>func_epilog_6</name>
         <value>0xa146</value>
         <object_component_ref idref="oc-11f"/>
      </symbol>
      <symbol id="sm-3df">
         <name>func_epilog_7</name>
         <value>0xa144</value>
         <object_component_ref idref="oc-11f"/>
      </symbol>
      <symbol id="sm-3ed">
         <name>C$$EXIT</name>
         <value>0xa1be</value>
         <object_component_ref idref="oc-11e"/>
      </symbol>
      <symbol id="sm-3ee">
         <name>abort</name>
         <value>0xa1be</value>
         <object_component_ref idref="oc-11e"/>
      </symbol>
      <symbol id="sm-3f7">
         <name>__TI_int03</name>
         <value>0xffe6</value>
         <object_component_ref idref="oc-34"/>
      </symbol>
      <symbol id="sm-3fb">
         <name>__TI_int06</name>
         <value>0xffec</value>
         <object_component_ref idref="oc-36"/>
      </symbol>
      <symbol id="sm-3ff">
         <name>__TI_int07</name>
         <value>0xffee</value>
         <object_component_ref idref="oc-37"/>
      </symbol>
      <symbol id="sm-403">
         <name>__TI_int09</name>
         <value>0xfff2</value>
         <object_component_ref idref="oc-39"/>
      </symbol>
      <symbol id="sm-407">
         <name>__TI_int12</name>
         <value>0xfff8</value>
         <object_component_ref idref="oc-3b"/>
      </symbol>
      <symbol id="sm-40b">
         <name>__TI_int13</name>
         <value>0xfffa</value>
         <object_component_ref idref="oc-3c"/>
      </symbol>
      <symbol id="sm-40f">
         <name>__TI_int14</name>
         <value>0xfffc</value>
         <object_component_ref idref="oc-3d"/>
      </symbol>
      <symbol id="sm-41b">
         <name>I_LSL</name>
         <value>0x9ece</value>
         <object_component_ref idref="oc-ab"/>
      </symbol>
      <symbol id="sm-41c">
         <name>I_LSL_3</name>
         <value>0x9ef2</value>
         <object_component_ref idref="oc-ab"/>
      </symbol>
      <symbol id="sm-41d">
         <name>I_LSL_2</name>
         <value>0x9ef4</value>
         <object_component_ref idref="oc-ab"/>
      </symbol>
      <symbol id="sm-41e">
         <name>I_LSL_1</name>
         <value>0x9ef6</value>
         <object_component_ref idref="oc-ab"/>
      </symbol>
      <symbol id="sm-41f">
         <name>I_LSL_7</name>
         <value>0x9eea</value>
         <object_component_ref idref="oc-ab"/>
      </symbol>
      <symbol id="sm-420">
         <name>I_LSL_6</name>
         <value>0x9eec</value>
         <object_component_ref idref="oc-ab"/>
      </symbol>
      <symbol id="sm-421">
         <name>I_LSL_5</name>
         <value>0x9eee</value>
         <object_component_ref idref="oc-ab"/>
      </symbol>
      <symbol id="sm-422">
         <name>I_LSL_4</name>
         <value>0x9ef0</value>
         <object_component_ref idref="oc-ab"/>
      </symbol>
      <symbol id="sm-423">
         <name>I_LSL_9</name>
         <value>0x9ee6</value>
         <object_component_ref idref="oc-ab"/>
      </symbol>
      <symbol id="sm-424">
         <name>I_LSL_8</name>
         <value>0x9ee8</value>
         <object_component_ref idref="oc-ab"/>
      </symbol>
      <symbol id="sm-425">
         <name>I_LSL_12</name>
         <value>0x9ee0</value>
         <object_component_ref idref="oc-ab"/>
      </symbol>
      <symbol id="sm-426">
         <name>I_LSL_13</name>
         <value>0x9ede</value>
         <object_component_ref idref="oc-ab"/>
      </symbol>
      <symbol id="sm-427">
         <name>I_LSL_10</name>
         <value>0x9ee4</value>
         <object_component_ref idref="oc-ab"/>
      </symbol>
      <symbol id="sm-428">
         <name>I_LSL_11</name>
         <value>0x9ee2</value>
         <object_component_ref idref="oc-ab"/>
      </symbol>
      <symbol id="sm-429">
         <name>I_LSL_14</name>
         <value>0x9edc</value>
         <object_component_ref idref="oc-ab"/>
      </symbol>
      <symbol id="sm-42a">
         <name>I_LSL_15</name>
         <value>0x9eda</value>
         <object_component_ref idref="oc-ab"/>
      </symbol>
      <symbol id="sm-436">
         <name>I_LSR</name>
         <value>0x98fc</value>
         <object_component_ref idref="oc-b0"/>
      </symbol>
      <symbol id="sm-437">
         <name>I_LSR_12</name>
         <value>0x9916</value>
         <object_component_ref idref="oc-b0"/>
      </symbol>
      <symbol id="sm-438">
         <name>I_LSR_13</name>
         <value>0x9912</value>
         <object_component_ref idref="oc-b0"/>
      </symbol>
      <symbol id="sm-439">
         <name>I_LSR_10</name>
         <value>0x991e</value>
         <object_component_ref idref="oc-b0"/>
      </symbol>
      <symbol id="sm-43a">
         <name>I_LSR_11</name>
         <value>0x991a</value>
         <object_component_ref idref="oc-b0"/>
      </symbol>
      <symbol id="sm-43b">
         <name>I_LSR_14</name>
         <value>0x990e</value>
         <object_component_ref idref="oc-b0"/>
      </symbol>
      <symbol id="sm-43c">
         <name>I_LSR_15</name>
         <value>0x990a</value>
         <object_component_ref idref="oc-b0"/>
      </symbol>
      <symbol id="sm-43d">
         <name>I_LSR_3</name>
         <value>0x993a</value>
         <object_component_ref idref="oc-b0"/>
      </symbol>
      <symbol id="sm-43e">
         <name>I_LSR_2</name>
         <value>0x993e</value>
         <object_component_ref idref="oc-b0"/>
      </symbol>
      <symbol id="sm-43f">
         <name>I_LSR_1</name>
         <value>0x9942</value>
         <object_component_ref idref="oc-b0"/>
      </symbol>
      <symbol id="sm-440">
         <name>I_LSR_7</name>
         <value>0x992a</value>
         <object_component_ref idref="oc-b0"/>
      </symbol>
      <symbol id="sm-441">
         <name>I_LSR_6</name>
         <value>0x992e</value>
         <object_component_ref idref="oc-b0"/>
      </symbol>
      <symbol id="sm-442">
         <name>I_LSR_5</name>
         <value>0x9932</value>
         <object_component_ref idref="oc-b0"/>
      </symbol>
      <symbol id="sm-443">
         <name>I_LSR_4</name>
         <value>0x9936</value>
         <object_component_ref idref="oc-b0"/>
      </symbol>
      <symbol id="sm-444">
         <name>I_LSR_9</name>
         <value>0x9922</value>
         <object_component_ref idref="oc-b0"/>
      </symbol>
      <symbol id="sm-445">
         <name>I_LSR_8</name>
         <value>0x9926</value>
         <object_component_ref idref="oc-b0"/>
      </symbol>
      <symbol id="sm-453">
         <name>L_LSR</name>
         <value>0xa120</value>
         <object_component_ref idref="oc-16b"/>
      </symbol>
      <symbol id="sm-461">
         <name>memcpy</name>
         <value>0xa132</value>
         <object_component_ref idref="oc-112"/>
      </symbol>
      <symbol id="sm-475">
         <name>_sys_memory</name>
         <value>0x200</value>
         <object_component_ref idref="oc-c1"/>
      </symbol>
      <symbol id="sm-495">
         <name>__mpyi_sw</name>
         <value>0xa10c</value>
         <object_component_ref idref="oc-157"/>
      </symbol>
      <symbol id="sm-496">
         <name>__mpyi</name>
         <value>0xa10c</value>
         <object_component_ref idref="oc-157"/>
      </symbol>
      <symbol id="sm-4a2">
         <name>_system_pre_init</name>
         <value>0xa1ba</value>
         <object_component_ref idref="oc-118"/>
      </symbol>
      <symbol id="sm-4b5">
         <name>rand</name>
         <value>0x9bf2</value>
         <object_component_ref idref="oc-144"/>
      </symbol>
      <symbol id="sm-4b6">
         <name>srand</name>
         <value>0xa088</value>
         <object_component_ref idref="oc-12b"/>
      </symbol>
      <symbol id="sm-4c3">
         <name>strlen</name>
         <value>0xa170</value>
         <object_component_ref idref="oc-16e"/>
      </symbol>
      <symbol id="sm-4d0">
         <name>time</name>
         <value>0xa0a0</value>
         <object_component_ref idref="oc-12a"/>
      </symbol>
      <symbol id="sm-4df">
         <name>HOSTtime</name>
         <value>0x98ac</value>
         <object_component_ref idref="oc-13b"/>
      </symbol>
      <symbol id="sm-4f5">
         <name>__TI_readmsg</name>
         <value>0x9e76</value>
         <object_component_ref idref="oc-14f"/>
      </symbol>
      <symbol id="sm-4f6">
         <name>C$$IO$$</name>
         <value>0x9dea</value>
         <object_component_ref idref="oc-14e"/>
      </symbol>
      <symbol id="sm-4f7">
         <name>_CIOBUF_</name>
         <value>0x0</value>
         <object_component_ref idref="oc-f1"/>
      </symbol>
      <symbol id="sm-4f8">
         <name>__TI_writemsg</name>
         <value>0x9dc0</value>
         <object_component_ref idref="oc-14e"/>
      </symbol>
      <symbol id="sm-50c">
         <name>_nop</name>
         <value>0xa1c2</value>
         <object_component_ref idref="oc-13a"/>
      </symbol>
      <symbol id="sm-50d">
         <name>_lock</name>
         <value>0x54a</value>
         <object_component_ref idref="oc-122"/>
      </symbol>
      <symbol id="sm-50e">
         <name>_unlock</name>
         <value>0x54c</value>
         <object_component_ref idref="oc-128"/>
      </symbol>
      <symbol id="sm-52b">
         <name>_auto_init</name>
         <value>0x99dc</value>
         <object_component_ref idref="oc-119"/>
      </symbol>
      <symbol id="sm-537">
         <name>L_LSL_3</name>
         <value>0x9bac</value>
         <object_component_ref idref="oc-150"/>
      </symbol>
      <symbol id="sm-538">
         <name>L_LSL_2</name>
         <value>0x9bb0</value>
         <object_component_ref idref="oc-150"/>
      </symbol>
      <symbol id="sm-539">
         <name>L_LSL_1</name>
         <value>0x9bb4</value>
         <object_component_ref idref="oc-150"/>
      </symbol>
      <symbol id="sm-53a">
         <name>L_LSL_7</name>
         <value>0x9b9c</value>
         <object_component_ref idref="oc-150"/>
      </symbol>
      <symbol id="sm-53b">
         <name>L_LSL_6</name>
         <value>0x9ba0</value>
         <object_component_ref idref="oc-150"/>
      </symbol>
      <symbol id="sm-53c">
         <name>L_LSL_5</name>
         <value>0x9ba4</value>
         <object_component_ref idref="oc-150"/>
      </symbol>
      <symbol id="sm-53d">
         <name>L_LSL_4</name>
         <value>0x9ba8</value>
         <object_component_ref idref="oc-150"/>
      </symbol>
      <symbol id="sm-53e">
         <name>L_LSL_9</name>
         <value>0x9b94</value>
         <object_component_ref idref="oc-150"/>
      </symbol>
      <symbol id="sm-53f">
         <name>L_LSL_8</name>
         <value>0x9b98</value>
         <object_component_ref idref="oc-150"/>
      </symbol>
      <symbol id="sm-540">
         <name>L_LSL_12</name>
         <value>0x9b88</value>
         <object_component_ref idref="oc-150"/>
      </symbol>
      <symbol id="sm-541">
         <name>L_LSL_13</name>
         <value>0x9b84</value>
         <object_component_ref idref="oc-150"/>
      </symbol>
      <symbol id="sm-542">
         <name>L_LSL_10</name>
         <value>0x9b90</value>
         <object_component_ref idref="oc-150"/>
      </symbol>
      <symbol id="sm-543">
         <name>L_LSL_11</name>
         <value>0x9b8c</value>
         <object_component_ref idref="oc-150"/>
      </symbol>
      <symbol id="sm-544">
         <name>L_LSL_14</name>
         <value>0x9b80</value>
         <object_component_ref idref="oc-150"/>
      </symbol>
      <symbol id="sm-545">
         <name>L_LSL_15</name>
         <value>0x9b7c</value>
         <object_component_ref idref="oc-150"/>
      </symbol>
      <symbol id="sm-553">
         <name>__mpyl</name>
         <value>0x9f22</value>
         <object_component_ref idref="oc-155"/>
      </symbol>
      <symbol id="sm-554">
         <name>__mpyl_sw</name>
         <value>0x9f22</value>
         <object_component_ref idref="oc-155"/>
      </symbol>
   </symbol_table>
   <title>Link errors: red sections failed placement,available memory ranges in purple</title>
</link_info>
